Archive member included to satisfy reference by file (symbol)

/usr/local/Cellar/arm-gcc-bin@8/8-2019-q3-update_3/bin/../lib/gcc/arm-none-eabi/8.3.1/thumb/v6-m/nofp/libgcc.a(_dvmd_tls.o)
                              CMakeFiles/desk-height-automator.dir/Users/timhilt/dev/pico/pico-sdk/src/rp2_common/pico_divider/divider.S.obj (__aeabi_idiv0)
/usr/local/Cellar/arm-gcc-bin@8/8-2019-q3-update_3/bin/../lib/gcc/arm-none-eabi/8.3.1/../../../../arm-none-eabi/lib/thumb/v6-m/nofp/libc.a(lib_a-calloc.o)
                              CMakeFiles/desk-height-automator.dir/Users/timhilt/dev/pico/pico-sdk/src/rp2_common/pico_malloc/pico_malloc.c.obj (calloc)
/usr/local/Cellar/arm-gcc-bin@8/8-2019-q3-update_3/bin/../lib/gcc/arm-none-eabi/8.3.1/../../../../arm-none-eabi/lib/thumb/v6-m/nofp/libc.a(lib_a-callocr.o)
                              /usr/local/Cellar/arm-gcc-bin@8/8-2019-q3-update_3/bin/../lib/gcc/arm-none-eabi/8.3.1/../../../../arm-none-eabi/lib/thumb/v6-m/nofp/libc.a(lib_a-calloc.o) (_calloc_r)
/usr/local/Cellar/arm-gcc-bin@8/8-2019-q3-update_3/bin/../lib/gcc/arm-none-eabi/8.3.1/../../../../arm-none-eabi/lib/thumb/v6-m/nofp/libc.a(lib_a-impure.o)
                              /usr/local/Cellar/arm-gcc-bin@8/8-2019-q3-update_3/bin/../lib/gcc/arm-none-eabi/8.3.1/../../../../arm-none-eabi/lib/thumb/v6-m/nofp/libc.a(lib_a-calloc.o) (_impure_ptr)
/usr/local/Cellar/arm-gcc-bin@8/8-2019-q3-update_3/bin/../lib/gcc/arm-none-eabi/8.3.1/../../../../arm-none-eabi/lib/thumb/v6-m/nofp/libc.a(lib_a-init.o)
                              /usr/local/Cellar/arm-gcc-bin@8/8-2019-q3-update_3/bin/../lib/gcc/arm-none-eabi/8.3.1/../../../../arm-none-eabi/lib/thumb/v6-m/nofp/crt0.o (__libc_init_array)
/usr/local/Cellar/arm-gcc-bin@8/8-2019-q3-update_3/bin/../lib/gcc/arm-none-eabi/8.3.1/../../../../arm-none-eabi/lib/thumb/v6-m/nofp/libc.a(lib_a-malloc.o)
                              CMakeFiles/desk-height-automator.dir/Users/timhilt/dev/pico/pico-sdk/src/rp2_common/pico_malloc/pico_malloc.c.obj (malloc)
/usr/local/Cellar/arm-gcc-bin@8/8-2019-q3-update_3/bin/../lib/gcc/arm-none-eabi/8.3.1/../../../../arm-none-eabi/lib/thumb/v6-m/nofp/libc.a(lib_a-mallocr.o)
                              /usr/local/Cellar/arm-gcc-bin@8/8-2019-q3-update_3/bin/../lib/gcc/arm-none-eabi/8.3.1/../../../../arm-none-eabi/lib/thumb/v6-m/nofp/libc.a(lib_a-callocr.o) (_malloc_r)
/usr/local/Cellar/arm-gcc-bin@8/8-2019-q3-update_3/bin/../lib/gcc/arm-none-eabi/8.3.1/../../../../arm-none-eabi/lib/thumb/v6-m/nofp/libc.a(lib_a-mlock.o)
                              /usr/local/Cellar/arm-gcc-bin@8/8-2019-q3-update_3/bin/../lib/gcc/arm-none-eabi/8.3.1/../../../../arm-none-eabi/lib/thumb/v6-m/nofp/libc.a(lib_a-mallocr.o) (__malloc_lock)
/usr/local/Cellar/arm-gcc-bin@8/8-2019-q3-update_3/bin/../lib/gcc/arm-none-eabi/8.3.1/../../../../arm-none-eabi/lib/thumb/v6-m/nofp/libc.a(lib_a-realloc.o)
                              CMakeFiles/desk-height-automator.dir/Users/timhilt/dev/pico/pico-sdk/src/rp2_common/pico_malloc/pico_malloc.c.obj (realloc)
/usr/local/Cellar/arm-gcc-bin@8/8-2019-q3-update_3/bin/../lib/gcc/arm-none-eabi/8.3.1/../../../../arm-none-eabi/lib/thumb/v6-m/nofp/libc.a(lib_a-reallocr.o)
                              /usr/local/Cellar/arm-gcc-bin@8/8-2019-q3-update_3/bin/../lib/gcc/arm-none-eabi/8.3.1/../../../../arm-none-eabi/lib/thumb/v6-m/nofp/libc.a(lib_a-realloc.o) (_realloc_r)
/usr/local/Cellar/arm-gcc-bin@8/8-2019-q3-update_3/bin/../lib/gcc/arm-none-eabi/8.3.1/../../../../arm-none-eabi/lib/thumb/v6-m/nofp/libc.a(lib_a-sbrkr.o)
                              /usr/local/Cellar/arm-gcc-bin@8/8-2019-q3-update_3/bin/../lib/gcc/arm-none-eabi/8.3.1/../../../../arm-none-eabi/lib/thumb/v6-m/nofp/libc.a(lib_a-mallocr.o) (_sbrk_r)
/usr/local/Cellar/arm-gcc-bin@8/8-2019-q3-update_3/bin/../lib/gcc/arm-none-eabi/8.3.1/../../../../arm-none-eabi/lib/thumb/v6-m/nofp/libc.a(lib_a-strlen-stub.o)
                              CMakeFiles/desk-height-automator.dir/Users/timhilt/dev/pico/pico-sdk/src/rp2_common/pico_stdio/stdio.c.obj (strlen)
/usr/local/Cellar/arm-gcc-bin@8/8-2019-q3-update_3/bin/../lib/gcc/arm-none-eabi/8.3.1/../../../../arm-none-eabi/lib/thumb/v6-m/nofp/libc.a(lib_a-freer.o)
                              /usr/local/Cellar/arm-gcc-bin@8/8-2019-q3-update_3/bin/../lib/gcc/arm-none-eabi/8.3.1/../../../../arm-none-eabi/lib/thumb/v6-m/nofp/libc.a(lib_a-malloc.o) (_free_r)
/usr/local/Cellar/arm-gcc-bin@8/8-2019-q3-update_3/bin/../lib/gcc/arm-none-eabi/8.3.1/../../../../arm-none-eabi/lib/thumb/v6-m/nofp/libc.a(lib_a-lock.o)
                              /usr/local/Cellar/arm-gcc-bin@8/8-2019-q3-update_3/bin/../lib/gcc/arm-none-eabi/8.3.1/../../../../arm-none-eabi/lib/thumb/v6-m/nofp/libc.a(lib_a-mlock.o) (__retarget_lock_acquire_recursive)
/usr/local/Cellar/arm-gcc-bin@8/8-2019-q3-update_3/bin/../lib/gcc/arm-none-eabi/8.3.1/../../../../arm-none-eabi/lib/thumb/v6-m/nofp/libc.a(lib_a-memmove.o)
[...]
Memory Configuration

Name             Origin             Length             Attributes
FLASH            0x0000000010000000 0x0000000000200000 xr
RAM              0x0000000020000000 0x0000000000040000 xrw
SCRATCH_X        0x0000000020040000 0x0000000000001000 xrw
SCRATCH_Y        0x0000000020041000 0x0000000000001000 xrw
*default*        0x0000000000000000 0xffffffffffffffff

Linker script and memory map

LOAD /usr/local/Cellar/arm-gcc-bin@8/8-2019-q3-update_3/bin/../lib/gcc/arm-none-eabi/8.3.1/thumb/v6-m/nofp/crti.o
LOAD /usr/local/Cellar/arm-gcc-bin@8/8-2019-q3-update_3/bin/../lib/gcc/arm-none-eabi/8.3.1/thumb/v6-m/nofp/crtbegin.o
LOAD /usr/local/Cellar/arm-gcc-bin@8/8-2019-q3-update_3/bin/../lib/gcc/arm-none-eabi/8.3.1/../../../../arm-none-eabi/lib/thumb/v6-m/nofp/crt0.o

.flash_begin    0x0000000010000000        0x0
                0x0000000010000000                __flash_binary_start = .

.boot2          0x0000000010000000      0x100
                0x0000000010000000                __boot2_start__ = .
 *(.boot2)
 .boot2         0x0000000010000000      0x100 /var/folders/yy/tc9hwcdj67nckht_srvjtjhc0000gn/T//ccrqz4xa.o
                0x0000000010000100                __boot2_end__ = .
                0x0000000000000001                ASSERT (((__boot2_end__ - __boot2_start__) == 0x100), ERROR: Pico second stage bootloader must be 256 bytes in size)

.text           0x0000000010000100     0x7348
                0x0000000010000100                __logical_binary_start = .
 *(.vectors)
 .vectors       0x0000000010000100       0xd4 CMakeFiles/desk-height-automator.dir/Users/timhilt/dev/pico/pico-sdk/src/rp2_common/pico_standard_link/crt0.S.obj
                0x0000000010000100                __VECTOR_TABLE
                0x0000000010000100                __vectors
                0x00000000100001c0                __default_isrs_start
                0x00000000100001c0                isr_invalid
                0x00000000100001c2                isr_nmi
                0x00000000100001c4                isr_hardfault
                0x00000000100001c6                isr_svcall
                0x00000000100001c8                isr_pendsv
                0x00000000100001ca                isr_systick
                0x00000000100001cc                isr_irq28
                0x00000000100001cc                isr_irq19
                0x00000000100001cc                isr_irq0
                0x00000000100001cc                isr_irq6
                0x00000000100001cc                isr_irq22
                0x00000000100001cc                isr_irq17
                0x00000000100001cc                isr_irq14
                0x00000000100001cc                isr_irq2
                0x00000000100001cc                isr_irq10
                0x00000000100001cc                isr_irq8
                0x00000000100001cc                isr_irq24
                0x00000000100001cc                isr_irq1
                0x00000000100001cc                isr_irq7
                0x00000000100001cc                isr_irq21
                0x00000000100001cc                isr_irq20
                0x00000000100001cc                isr_irq15
                0x00000000100001cc                isr_irq25
                0x00000000100001cc                isr_irq4
                0x00000000100001cc                isr_irq16
                0x00000000100001cc                isr_irq29
                0x00000000100001cc                isr_irq26
                0x00000000100001cc                __default_isrs_end
                0x00000000100001cc                isr_irq3
                0x00000000100001cc                isr_irq9
                0x00000000100001cc                __unhandled_user_irq
                0x00000000100001cc                isr_irq13
                0x00000000100001cc                isr_irq27
                0x00000000100001cc                isr_irq31
                0x00000000100001cc                isr_irq5
                0x00000000100001cc                isr_irq11
                0x00000000100001cc                isr_irq23
                0x00000000100001cc                isr_irq18
                0x00000000100001cc                isr_irq30
                0x00000000100001cc                isr_irq12
                0x00000000100001d2                unhandled_user_irq_num_in_r0
 *(.binary_info_header)
 .binary_info_header
                0x00000000100001d4       0x14 CMakeFiles/desk-height-automator.dir/Users/timhilt/dev/pico/pico-sdk/src/rp2_common/pico_standard_link/crt0.S.obj
                0x00000000100001e8                __binary_info_header_end = .
 *(.reset)
 .reset         0x00000000100001e8       0xa0 CMakeFiles/desk-height-automator.dir/Users/timhilt/dev/pico/pico-sdk/src/rp2_common/pico_standard_link/crt0.S.obj
                0x00000000100001e8                _entry_point
 .reset         0x0000000010000288       0x30 CMakeFiles/desk-height-automator.dir/Users/timhilt/dev/pico/pico-sdk/src/rp2_common/pico_standard_link/binary_info.c.obj
 *(.init)
 .init          0x00000000100002b8        0x4 /usr/local/Cellar/arm-gcc-bin@8/8-2019-q3-update_3/bin/../lib/gcc/arm-none-eabi/8.3.1/thumb/v6-m/nofp/crti.o
                0x00000000100002b8                _init
 *(EXCLUDE_FILE(*libm.a: *libc.a:*lib_a-mem*.o *libgcc.a:) .text*)
 .text          0x00000000100002bc       0x48 /usr/local/Cellar/arm-gcc-bin@8/8-2019-q3-update_3/bin/../lib/gcc/arm-none-eabi/8.3.1/thumb/v6-m/nofp/crtbegin.o
 .text.switch_state
                0x0000000010000304       0xc8 CMakeFiles/desk-height-automator.dir/main.c.obj
                0x0000000010000304                switch_state
 .text.startup.main
                0x00000000100003cc      0x180 CMakeFiles/desk-height-automator.dir/main.c.obj
                0x00000000100003cc                main
 .text.gpio_default_irq_handler
                0x000000001000054c      0x24c CMakeFiles/desk-height-automator.dir/Users/timhilt/dev/pico/pico-sdk/src/rp2_common/hardware_gpio/gpio.c.obj
 .text.gpio_set_function
                0x0000000010000798       0x30 CMakeFiles/desk-height-automator.dir/Users/timhilt/dev/pico/pico-sdk/src/rp2_common/hardware_gpio/gpio.c.obj
                0x0000000010000798                gpio_set_function
 .text.gpio_set_irq_enabled_with_callback
                0x00000000100007c8       0xac CMakeFiles/desk-height-automator.dir/Users/timhilt/dev/pico/pico-sdk/src/rp2_common/hardware_gpio/gpio.c.obj
                0x00000000100007c8                gpio_set_irq_enabled_with_callback
 .text.gpio_init
                0x0000000010000874       0x3c CMakeFiles/desk-height-automator.dir/Users/timhilt/dev/pico/pico-sdk/src/rp2_common/hardware_gpio/gpio.c.obj
                0x0000000010000874                gpio_init
 .text.running_on_fpga
                0x00000000100008b0       0x10 CMakeFiles/desk-height-automator.dir/Users/timhilt/dev/pico/pico-sdk/src/rp2_common/pico_platform/platform.c.obj
                0x00000000100008b0                running_on_fpga
 .text.hw_claim_or_assert
                0x00000000100008c0       0x44 CMakeFiles/desk-height-automator.dir/Users/timhilt/dev/pico/pico-sdk/src/rp2_common/hardware_claim/claim.c.obj
                0x00000000100008c0                hw_claim_or_assert
 .text.hw_claim_unused_from_range
                0x0000000010000904       0x9c CMakeFiles/desk-height-automator.dir/Users/timhilt/dev/pico/pico-sdk/src/rp2_common/hardware_claim/claim.c.obj
                0x0000000010000904                hw_claim_unused_from_range
 .text.spin_locks_reset
                0x00000000100009a0       0x1c CMakeFiles/desk-height-automator.dir/Users/timhilt/dev/pico/pico-sdk/src/rp2_common/hardware_sync/sync.c.obj
                0x00000000100009a0                spin_locks_reset
 .text.next_striped_spin_lock_num
                0x00000000100009bc       0x18 CMakeFiles/desk-height-automator.dir/Users/timhilt/dev/pico/pico-sdk/src/rp2_common/hardware_sync/sync.c.obj
                0x00000000100009bc                next_striped_spin_lock_num
 .text.spin_lock_claim_unused
                0x00000000100009d4       0x20 CMakeFiles/desk-height-automator.dir/Users/timhilt/dev/pico/pico-sdk/src/rp2_common/hardware_sync/sync.c.obj
                0x00000000100009d4                spin_lock_claim_unused
 .text.irq_set_enabled
                0x00000000100009f4       0x24 CMakeFiles/desk-height-automator.dir/Users/timhilt/dev/pico/pico-sdk/src/rp2_common/hardware_irq/irq.c.obj
                0x00000000100009f4                irq_set_enabled
 .text.irq_set_pending
                0x0000000010000a18       0x10 CMakeFiles/desk-height-automator.dir/Users/timhilt/dev/pico/pico-sdk/src/rp2_common/hardware_irq/irq.c.obj
                0x0000000010000a18                irq_set_pending
 .text.irq_has_shared_handler
                0x0000000010000a28       0x2c CMakeFiles/desk-height-automator.dir/Users/timhilt/dev/pico/pico-sdk/src/rp2_common/hardware_irq/irq.c.obj
                0x0000000010000a28                irq_has_shared_handler
 .text.irq_get_vtable_handler
                0x0000000010000a54       0x10 CMakeFiles/desk-height-automator.dir/Users/timhilt/dev/pico/pico-sdk/src/rp2_common/hardware_irq/irq.c.obj
                0x0000000010000a54                irq_get_vtable_handler
 .text.irq_set_exclusive_handler
                0x0000000010000a64       0x54 CMakeFiles/desk-height-automator.dir/Users/timhilt/dev/pico/pico-sdk/src/rp2_common/hardware_irq/irq.c.obj
                0x0000000010000a64                irq_set_exclusive_handler
 .text.irq_add_shared_handler
                0x0000000010000ab8      0x1c8 CMakeFiles/desk-height-automator.dir/Users/timhilt/dev/pico/pico-sdk/src/rp2_common/hardware_irq/irq.c.obj
                0x0000000010000ab8                irq_add_shared_handler
 .text.irq_remove_handler
                0x0000000010000c80      0x1b0 CMakeFiles/desk-height-automator.dir/Users/timhilt/dev/pico/pico-sdk/src/rp2_common/hardware_irq/irq.c.obj
                0x0000000010000c80                irq_remove_handler
 .text.irq_add_tail_to_free_list
                0x0000000010000e30       0xb4 CMakeFiles/desk-height-automator.dir/Users/timhilt/dev/pico/pico-sdk/src/rp2_common/hardware_irq/irq.c.obj
                0x0000000010000e30                irq_add_tail_to_free_list
 .text.irq_init_priorities
                0x0000000010000ee4       0x24 CMakeFiles/desk-height-automator.dir/Users/timhilt/dev/pico/pico-sdk/src/rp2_common/hardware_irq/irq.c.obj
                0x0000000010000ee4                irq_init_priorities
 .text.user_irq_claim_unused
                0x0000000010000f08       0x28 CMakeFiles/desk-height-automator.dir/Users/timhilt/dev/pico/pico-sdk/src/rp2_common/hardware_irq/irq.c.obj
                0x0000000010000f08                user_irq_claim_unused
 .text.lock_init
                0x0000000010000f30       0x10 CMakeFiles/desk-height-automator.dir/Users/timhilt/dev/pico/pico-sdk/src/common/pico_sync/lock_core.c.obj
                0x0000000010000f30                lock_init
 .text.mutex_init
                0x0000000010000f40       0x1c CMakeFiles/desk-height-automator.dir/Users/timhilt/dev/pico/pico-sdk/src/common/pico_sync/mutex.c.obj
                0x0000000010000f40                mutex_init
 .text.recursive_mutex_init
                0x0000000010000f5c       0x1c CMakeFiles/desk-height-automator.dir/Users/timhilt/dev/pico/pico-sdk/src/common/pico_sync/mutex.c.obj
                0x0000000010000f5c                recursive_mutex_init
 .text.critical_section_init
                0x0000000010000f78       0x20 CMakeFiles/desk-height-automator.dir/Users/timhilt/dev/pico/pico-sdk/src/common/pico_sync/critical_section.c.obj
                0x0000000010000f78                critical_section_init
 .text.critical_section_init_with_lock_num
                0x0000000010000f98       0x14 CMakeFiles/desk-height-automator.dir/Users/timhilt/dev/pico/pico-sdk/src/common/pico_sync/critical_section.c.obj
                0x0000000010000f98                critical_section_init_with_lock_num
 .text.ph_merge_nodes
                0x0000000010000fac       0x5c CMakeFiles/desk-height-automator.dir/Users/timhilt/dev/pico/pico-sdk/src/common/pico_time/time.c.obj
 .text.timer_pool_entry_comparator
                0x0000000010001008       0x34 CMakeFiles/desk-height-automator.dir/Users/timhilt/dev/pico/pico-sdk/src/common/pico_time/time.c.obj
                0x0000000010001008                timer_pool_entry_comparator
 .text.sleep_until_callback
                0x000000001000103c       0x30 CMakeFiles/desk-height-automator.dir/Users/timhilt/dev/pico/pico-sdk/src/common/pico_time/time.c.obj
 .text.add_alarm_under_lock
                0x000000001000106c       0xbc CMakeFiles/desk-height-automator.dir/Users/timhilt/dev/pico/pico-sdk/src/common/pico_time/time.c.obj
 .text.alarm_pool_alarm_callback
                0x0000000010001128      0x1c0 CMakeFiles/desk-height-automator.dir/Users/timhilt/dev/pico/pico-sdk/src/common/pico_time/time.c.obj
 .text.alarm_pool_init_default
                0x00000000100012e8       0x6c CMakeFiles/desk-height-automator.dir/Users/timhilt/dev/pico/pico-sdk/src/common/pico_time/time.c.obj
                0x00000000100012e8                alarm_pool_init_default
 .text.alarm_pool_get_default
                0x0000000010001354        0x8 CMakeFiles/desk-height-automator.dir/Users/timhilt/dev/pico/pico-sdk/src/common/pico_time/time.c.obj
                0x0000000010001354                alarm_pool_get_default
 .text.alarm_pool_add_alarm_at
                0x000000001000135c      0x144 CMakeFiles/desk-height-automator.dir/Users/timhilt/dev/pico/pico-sdk/src/common/pico_time/time.c.obj
                0x000000001000135c                alarm_pool_add_alarm_at
 .text.alarm_pool_core_num
                0x00000000100014a0        0x4 CMakeFiles/desk-height-automator.dir/Users/timhilt/dev/pico/pico-sdk/src/common/pico_time/time.c.obj
                0x00000000100014a0                alarm_pool_core_num
 .text.sleep_until
                0x00000000100014a4       0xc4 CMakeFiles/desk-height-automator.dir/Users/timhilt/dev/pico/pico-sdk/src/common/pico_time/time.c.obj
                0x00000000100014a4                sleep_until
 .text.sleep_ms
                0x0000000010001568       0x34 CMakeFiles/desk-height-automator.dir/Users/timhilt/dev/pico/pico-sdk/src/common/pico_time/time.c.obj
                0x0000000010001568                sleep_ms
 .text.best_effort_wfe_or_timeout
                0x000000001000159c       0xd0 CMakeFiles/desk-height-automator.dir/Users/timhilt/dev/pico/pico-sdk/src/common/pico_time/time.c.obj
                0x000000001000159c                best_effort_wfe_or_timeout
 .text.hardware_alarm_irq_handler
                0x000000001000166c       0xb4 CMakeFiles/desk-height-automator.dir/Users/timhilt/dev/pico/pico-sdk/src/rp2_common/hardware_timer/timer.c.obj
 .text.hardware_alarm_claim
                0x0000000010001720       0x18 CMakeFiles/desk-height-automator.dir/Users/timhilt/dev/pico/pico-sdk/src/rp2_common/hardware_timer/timer.c.obj
                0x0000000010001720                hardware_alarm_claim
 .text.time_us_64
                0x0000000010001738       0x18 CMakeFiles/desk-height-automator.dir/Users/timhilt/dev/pico/pico-sdk/src/rp2_common/hardware_timer/timer.c.obj
                0x0000000010001738                time_us_64
 .text.busy_wait_until
                0x0000000010001750       0x20 CMakeFiles/desk-height-automator.dir/Users/timhilt/dev/pico/pico-sdk/src/rp2_common/hardware_timer/timer.c.obj
                0x0000000010001750                busy_wait_until
 .text.hardware_alarm_set_callback
                0x0000000010001770       0x8c CMakeFiles/desk-height-automator.dir/Users/timhilt/dev/pico/pico-sdk/src/rp2_common/hardware_timer/timer.c.obj
                0x0000000010001770                hardware_alarm_set_callback
 .text.hardware_alarm_set_target
                0x00000000100017fc       0xd8 CMakeFiles/desk-height-automator.dir/Users/timhilt/dev/pico/pico-sdk/src/rp2_common/hardware_timer/timer.c.obj
                0x00000000100017fc                hardware_alarm_set_target
 .text.hardware_alarm_cancel
                0x00000000100018d4       0x40 CMakeFiles/desk-height-automator.dir/Users/timhilt/dev/pico/pico-sdk/src/rp2_common/hardware_timer/timer.c.obj
                0x00000000100018d4                hardware_alarm_cancel
 .text.ph_merge_nodes
                0x0000000010001914       0x5c CMakeFiles/desk-height-automator.dir/Users/timhilt/dev/pico/pico-sdk/src/common/pico_util/pheap.c.obj
 .text.ph_post_alloc_init
                0x0000000010001970      0x1b8 CMakeFiles/desk-height-automator.dir/Users/timhilt/dev/pico/pico-sdk/src/common/pico_util/pheap.c.obj
                0x0000000010001970                ph_post_alloc_init
 .text.ph_merge_two_pass
                0x0000000010001b28       0x4c CMakeFiles/desk-height-automator.dir/Users/timhilt/dev/pico/pico-sdk/src/common/pico_util/pheap.c.obj
                0x0000000010001b28                ph_merge_two_pass
 .text.ph_remove_any_head
                0x0000000010001b74      0x1c0 CMakeFiles/desk-height-automator.dir/Users/timhilt/dev/pico/pico-sdk/src/common/pico_util/pheap.c.obj
 .text.ph_remove_head
                0x0000000010001d34      0x1c4 CMakeFiles/desk-height-automator.dir/Users/timhilt/dev/pico/pico-sdk/src/common/pico_util/pheap.c.obj
                0x0000000010001d34                ph_remove_head
 .text.ph_remove_and_free_node
                0x0000000010001ef8       0x7c CMakeFiles/desk-height-automator.dir/Users/timhilt/dev/pico/pico-sdk/src/common/pico_util/pheap.c.obj
                0x0000000010001ef8                ph_remove_and_free_node
 .text.clocks_init
                0x0000000010001f74      0x2d4 CMakeFiles/desk-height-automator.dir/Users/timhilt/dev/pico/pico-sdk/src/rp2_common/hardware_clocks/clocks.c.obj
                0x0000000010001f74                clocks_init
 .text.clock_get_hz
                0x0000000010002248        0xc CMakeFiles/desk-height-automator.dir/Users/timhilt/dev/pico/pico-sdk/src/rp2_common/hardware_clocks/clocks.c.obj
                0x0000000010002248                clock_get_hz
 .text.pll_init
                0x0000000010002254       0xa0 CMakeFiles/desk-height-automator.dir/Users/timhilt/dev/pico/pico-sdk/src/rp2_common/hardware_pll/pll.c.obj
                0x0000000010002254                pll_init
 .text.watchdog_start_tick
                0x00000000100022f4       0x10 CMakeFiles/desk-height-automator.dir/Users/timhilt/dev/pico/pico-sdk/src/rp2_common/hardware_watchdog/watchdog.c.obj
                0x00000000100022f4                watchdog_start_tick
 .text.watchdog_reboot
                0x0000000010002304       0x98 CMakeFiles/desk-height-automator.dir/Users/timhilt/dev/pico/pico-sdk/src/rp2_common/hardware_watchdog/watchdog.c.obj
                0x0000000010002304                watchdog_reboot
 .text.xosc_init
                0x000000001000239c       0x28 CMakeFiles/desk-height-automator.dir/Users/timhilt/dev/pico/pico-sdk/src/rp2_common/hardware_xosc/xosc.c.obj
                0x000000001000239c                xosc_init
 .text.runtime_init
                0x00000000100023c4       0xf4 CMakeFiles/desk-height-automator.dir/Users/timhilt/dev/pico/pico-sdk/src/rp2_common/pico_runtime/runtime.c.obj
                0x00000000100023c4                runtime_init
 .text._exit    0x00000000100024b8        0x4 CMakeFiles/desk-height-automator.dir/Users/timhilt/dev/pico/pico-sdk/src/rp2_common/pico_runtime/runtime.c.obj
                0x00000000100024b8                _exit
 .text.exit     0x00000000100024bc        0x8 CMakeFiles/desk-height-automator.dir/Users/timhilt/dev/pico/pico-sdk/src/rp2_common/pico_runtime/runtime.c.obj
                0x00000000100024bc                exit
 .text.panic    0x00000000100024c4       0x30 CMakeFiles/desk-height-automator.dir/Users/timhilt/dev/pico/pico-sdk/src/rp2_common/pico_runtime/runtime.c.obj
                0x00000000100024c4                panic
 .text.hard_assertion_failure
                0x00000000100024f4        0xc CMakeFiles/desk-height-automator.dir/Users/timhilt/dev/pico/pico-sdk/src/rp2_common/pico_runtime/runtime.c.obj
                0x00000000100024f4                hard_assertion_failure
 .text._out_null
                0x0000000010002500        0x4 CMakeFiles/desk-height-automator.dir/Users/timhilt/dev/pico/pico-sdk/src/rp2_common/pico_printf/printf.c.obj
 .text._out_rev
                0x0000000010002504       0x9c CMakeFiles/desk-height-automator.dir/Users/timhilt/dev/pico/pico-sdk/src/rp2_common/pico_printf/printf.c.obj
 .text._ntoa_format
                0x00000000100025a0      0x1c8 CMakeFiles/desk-height-automator.dir/Users/timhilt/dev/pico/pico-sdk/src/rp2_common/pico_printf/printf.c.obj
 .text._out_char
                0x0000000010002768       0x10 CMakeFiles/desk-height-automator.dir/Users/timhilt/dev/pico/pico-sdk/src/rp2_common/pico_printf/printf.c.obj
 .text._out_fct
                0x0000000010002778       0x10 CMakeFiles/desk-height-automator.dir/Users/timhilt/dev/pico/pico-sdk/src/rp2_common/pico_printf/printf.c.obj
 .text._etoa    0x0000000010002788      0x45c CMakeFiles/desk-height-automator.dir/Users/timhilt/dev/pico/pico-sdk/src/rp2_common/pico_printf/printf.c.obj
 .text._ftoa    0x0000000010002be4      0x4c0 CMakeFiles/desk-height-automator.dir/Users/timhilt/dev/pico/pico-sdk/src/rp2_common/pico_printf/printf.c.obj
 .text._vsnprintf
                0x00000000100030a4      0xad0 CMakeFiles/desk-height-automator.dir/Users/timhilt/dev/pico/pico-sdk/src/rp2_common/pico_printf/printf.c.obj
 .text.vfctprintf
                0x0000000010003b74       0x20 CMakeFiles/desk-height-automator.dir/Users/timhilt/dev/pico/pico-sdk/src/rp2_common/pico_printf/printf.c.obj
                0x0000000010003b74                vfctprintf
 .text.weak_raw_vprintf
                0x0000000010003b94       0x30 CMakeFiles/desk-height-automator.dir/Users/timhilt/dev/pico/pico-sdk/src/rp2_common/pico_printf/printf.c.obj
                0x0000000010003b94                weak_raw_vprintf
 .text          0x0000000010003bc4       0x10 CMakeFiles/desk-height-automator.dir/Users/timhilt/dev/pico/pico-sdk/src/rp2_common/pico_bit_ops/bit_ops_aeabi.S.obj
 .text.rom_func_lookup
                0x0000000010003bd4       0x10 CMakeFiles/desk-height-automator.dir/Users/timhilt/dev/pico/pico-sdk/src/rp2_common/pico_bootrom/bootrom.c.obj
                0x0000000010003bd4                rom_func_lookup
 .text.rom_data_lookup
                0x0000000010003be4       0x10 CMakeFiles/desk-height-automator.dir/Users/timhilt/dev/pico/pico-sdk/src/rp2_common/pico_bootrom/bootrom.c.obj
                0x0000000010003be4                rom_data_lookup
 .text.rom_funcs_lookup
                0x0000000010003bf4       0x3c CMakeFiles/desk-height-automator.dir/Users/timhilt/dev/pico/pico-sdk/src/rp2_common/pico_bootrom/bootrom.c.obj
                0x0000000010003bf4                rom_funcs_lookup
 .text.__wrap___aeabi_idiv
                0x0000000010003c30       0x50 CMakeFiles/desk-height-automator.dir/Users/timhilt/dev/pico/pico-sdk/src/rp2_common/pico_divider/divider.S.obj
                0x0000000010003c30                __wrap___aeabi_idivmod
                0x0000000010003c30                divmod_s32s32
                0x0000000010003c30                div_s32s32
                0x0000000010003c30                __wrap___aeabi_idiv
                0x0000000010003c38                divmod_s32s32_unsafe
                0x0000000010003c64                divmod_s32s32_savestate
 .text.__wrap___aeabi_uidiv
                0x0000000010003c80       0x4c CMakeFiles/desk-height-automator.dir/Users/timhilt/dev/pico/pico-sdk/src/rp2_common/pico_divider/divider.S.obj
                0x0000000010003c80                __wrap___aeabi_uidiv
                0x0000000010003c80                __wrap___aeabi_uidivmod
                0x0000000010003c80                div_u32u32
                0x0000000010003c80                divmod_u32u32
                0x0000000010003c88                divmod_u32u32_unsafe
                0x0000000010003cb0                divmod_u32u32_savestate
 .text.__wrap___aeabi_ldiv
                0x0000000010003ccc      0x424 CMakeFiles/desk-height-automator.dir/Users/timhilt/dev/pico/pico-sdk/src/rp2_common/pico_divider/divider.S.obj
                0x0000000010003ccc                __wrap___aeabi_ldivmod
                0x0000000010003ccc                div_s64s64
                0x0000000010003ccc                divmod_s64s64
                0x0000000010003cfc                divmod_u64u64
                0x0000000010003cfc                div_u64u64
                0x0000000010003cfc                __wrap___aeabi_uldivmod
                0x0000000010003d0c                divmod_u64u64_savestate
                0x0000000010003d2c                divmod_s64s64_unsafe
                0x0000000010003db4                divmod_u64u64_unsafe
 .text.__wrap___aeabi_darithmetic
                0x00000000100040f0       0x80 CMakeFiles/desk-height-automator.dir/Users/timhilt/dev/pico/pico-sdk/src/rp2_common/pico_double/double_aeabi.S.obj
                0x00000000100040f0                __wrap___aeabi_drsub
                0x00000000100040f6                __wrap___aeabi_dsub
                0x0000000010004108                __wrap___aeabi_dadd
                0x000000001000411a                __wrap___aeabi_ddiv
                0x0000000010004156                __wrap___aeabi_dmul
 .text.__wrap___aeabi_cdcmple
                0x0000000010004170       0x6c CMakeFiles/desk-height-automator.dir/Users/timhilt/dev/pico/pico-sdk/src/rp2_common/pico_double/double_aeabi.S.obj
                0x0000000010004170                __wrap___aeabi_cdrcmple
                0x0000000010004180                __wrap___aeabi_cdcmple
                0x0000000010004180                __wrap___aeabi_cdcmpeq
 .text.__wrap___aeabi_dcmplt
                0x00000000100041dc        0xc CMakeFiles/desk-height-automator.dir/Users/timhilt/dev/pico/pico-sdk/src/rp2_common/pico_double/double_aeabi.S.obj
                0x00000000100041dc                __wrap___aeabi_dcmplt
 .text.__wrap___aeabi_dcmpge
                0x00000000100041e8       0x10 CMakeFiles/desk-height-automator.dir/Users/timhilt/dev/pico/pico-sdk/src/rp2_common/pico_double/double_aeabi.S.obj
                0x00000000100041e8                __wrap___aeabi_dcmpge
 .text.__wrap___aeabi_dcmpgt
                0x00000000100041f8        0xa CMakeFiles/desk-height-automator.dir/Users/timhilt/dev/pico/pico-sdk/src/rp2_common/pico_double/double_aeabi.S.obj
                0x00000000100041f8                __wrap___aeabi_dcmpgt
 .text.__wrap___aeabi_dcmpun
                0x0000000010004202       0x1c CMakeFiles/desk-height-automator.dir/Users/timhilt/dev/pico/pico-sdk/src/rp2_common/pico_double/double_aeabi.S.obj
                0x0000000010004202                __wrap___aeabi_dcmpun
 *fill*         0x000000001000421e        0x2 
 .text.__wrap___aeabi_i2d
                0x0000000010004220       0x38 CMakeFiles/desk-height-automator.dir/Users/timhilt/dev/pico/pico-sdk/src/rp2_common/pico_double/double_aeabi.S.obj
                0x0000000010004220                __wrap___aeabi_ui2d
                0x0000000010004228                __wrap___aeabi_i2d
 .text.__wrap___aeabi_d2iz
                0x0000000010004258       0x48 CMakeFiles/desk-height-automator.dir/Users/timhilt/dev/pico/pico-sdk/src/rp2_common/pico_double/double_aeabi.S.obj
                0x0000000010004258                __wrap___aeabi_d2iz
                0x0000000010004258                double2int_z
 .text.__wrap___aeabi_d2uiz
                0x00000000100042a0       0x18 CMakeFiles/desk-height-automator.dir/Users/timhilt/dev/pico/pico-sdk/src/rp2_common/pico_double/double_aeabi.S.obj
                0x00000000100042a0                double2uint
                0x00000000100042a0                __wrap___aeabi_d2uiz
 .text.__aeabi_double_init
                0x00000000100042b8       0xbc CMakeFiles/desk-height-automator.dir/Users/timhilt/dev/pico/pico-sdk/src/rp2_common/pico_double/double_init_rom.c.obj
                0x00000000100042b8                __aeabi_double_init
 .text.double_table_shim_on_use_helper
                0x0000000010004374       0x2c CMakeFiles/desk-height-automator.dir/Users/timhilt/dev/pico/pico-sdk/src/rp2_common/pico_double/double_v1_rom_shim.S.obj
                0x0000000010004374                double_table_shim_on_use_helper
 .text.__wrap___aeabi_dsub
                0x00000000100043a0       0x10 CMakeFiles/desk-height-automator.dir/Users/timhilt/dev/pico/pico-sdk/src/rp2_common/pico_double/double_v1_rom_shim.S.obj
                0x00000000100043a0                drsub_shim
                0x00000000100043a6                dsub_shim
 .text.dadd_shim
                0x00000000100043b0      0x15c CMakeFiles/desk-height-automator.dir/Users/timhilt/dev/pico/pico-sdk/src/rp2_common/pico_double/double_v1_rom_shim.S.obj
                0x00000000100043b0                dadd_shim
 .text.dmul_shim
                0x000000001000450c      0x15c CMakeFiles/desk-height-automator.dir/Users/timhilt/dev/pico/pico-sdk/src/rp2_common/pico_double/double_v1_rom_shim.S.obj
                0x000000001000450c                dmul_shim
 .text.ddiv_shim
                0x0000000010004668      0x1b0 CMakeFiles/desk-height-automator.dir/Users/timhilt/dev/pico/pico-sdk/src/rp2_common/pico_double/double_v1_rom_shim.S.obj
                0x0000000010004668                ddiv_shim
 .text.double2uint_shim
                0x0000000010004818        0xe CMakeFiles/desk-height-automator.dir/Users/timhilt/dev/pico/pico-sdk/src/rp2_common/pico_double/double_v1_rom_shim.S.obj
                0x0000000010004818                double2uint_shim
                0x000000001000481a                double2ufix_shim
 *fill*         0x0000000010004826        0x2 
 .text.double2uint64_shim
                0x0000000010004828       0x70 CMakeFiles/desk-height-automator.dir/Users/timhilt/dev/pico/pico-sdk/src/rp2_common/pico_double/double_v1_rom_shim.S.obj
                0x0000000010004828                double2uint64_shim
                0x000000001000482a                double2ufix64_shim
                0x000000001000484a                d2fix_a
 .text.dunpacks
                0x0000000010004898       0x3c CMakeFiles/desk-height-automator.dir/Users/timhilt/dev/pico/pico-sdk/src/rp2_common/pico_double/double_v1_rom_shim.S.obj
                0x0000000010004898                dunpacks
 .text.__aeabi_lmul
                0x00000000100048d4       0x32 CMakeFiles/desk-height-automator.dir/Users/timhilt/dev/pico/pico-sdk/src/rp2_common/pico_int64_ops/pico_int64_ops_aeabi.S.obj
                0x00000000100048d4                __wrap___aeabi_lmul
 *fill*         0x0000000010004906        0x2 
 .text.__aeabi_float_init
                0x0000000010004908       0x68 CMakeFiles/desk-height-automator.dir/Users/timhilt/dev/pico/pico-sdk/src/rp2_common/pico_float/float_init_rom.c.obj
                0x0000000010004908                __aeabi_float_init
 .text.float_table_shim_on_use_helper
                0x0000000010004970       0x2c CMakeFiles/desk-height-automator.dir/Users/timhilt/dev/pico/pico-sdk/src/rp2_common/pico_float/float_v1_rom_shim.S.obj
                0x0000000010004970                float_table_shim_on_use_helper
 .text          0x000000001000499c       0x10 CMakeFiles/desk-height-automator.dir/Users/timhilt/dev/pico/pico-sdk/src/rp2_common/pico_mem_ops/mem_ops_aeabi.S.obj
                0x000000001000499c                __aeabi_mem_init
 .text.memset   0x00000000100049ac        0xc CMakeFiles/desk-height-automator.dir/Users/timhilt/dev/pico/pico-sdk/src/rp2_common/pico_mem_ops/mem_ops_aeabi.S.obj
                0x00000000100049ac                __wrap_memset
 .text.memcpy   0x00000000100049b8        0xc CMakeFiles/desk-height-automator.dir/Users/timhilt/dev/pico/pico-sdk/src/rp2_common/pico_mem_ops/mem_ops_aeabi.S.obj
                0x00000000100049b8                __wrap___aeabi_memcpy
                0x00000000100049b8                __wrap_memcpy
 .text.stdio_out_chars_no_crlf
                0x00000000100049c4       0x10 CMakeFiles/desk-height-automator.dir/Users/timhilt/dev/pico/pico-sdk/src/rp2_common/pico_stdio/stdio.c.obj
 .text.stdio_out_chars_crlf
                0x00000000100049d4       0xac CMakeFiles/desk-height-automator.dir/Users/timhilt/dev/pico/pico-sdk/src/rp2_common/pico_stdio/stdio.c.obj
 .text.stdio_stack_buffer_flush.part.1
                0x0000000010004a80       0xe8 CMakeFiles/desk-height-automator.dir/Users/timhilt/dev/pico/pico-sdk/src/rp2_common/pico_stdio/stdio.c.obj
 .text.stdio_buffered_printer
                0x0000000010004b68       0x20 CMakeFiles/desk-height-automator.dir/Users/timhilt/dev/pico/pico-sdk/src/rp2_common/pico_stdio/stdio.c.obj
 .text.stdio_put_string
                0x0000000010004b88      0x104 CMakeFiles/desk-height-automator.dir/Users/timhilt/dev/pico/pico-sdk/src/rp2_common/pico_stdio/stdio.c.obj
 .text.__wrap_putchar
                0x0000000010004c8c       0x98 CMakeFiles/desk-height-automator.dir/Users/timhilt/dev/pico/pico-sdk/src/rp2_common/pico_stdio/stdio.c.obj
                0x0000000010004c8c                __wrap_putchar
 .text.__wrap_puts
                0x0000000010004d24       0x3c CMakeFiles/desk-height-automator.dir/Users/timhilt/dev/pico/pico-sdk/src/rp2_common/pico_stdio/stdio.c.obj
                0x0000000010004d24                __wrap_puts
 .text.stdio_set_driver_enabled
                0x0000000010004d60       0x30 CMakeFiles/desk-height-automator.dir/Users/timhilt/dev/pico/pico-sdk/src/rp2_common/pico_stdio/stdio.c.obj
                0x0000000010004d60                stdio_set_driver_enabled
 .text.__wrap_vprintf
                0x0000000010004d90       0x90 CMakeFiles/desk-height-automator.dir/Users/timhilt/dev/pico/pico-sdk/src/rp2_common/pico_stdio/stdio.c.obj
                0x0000000010004d90                __wrap_vprintf
 .text.__wrap_printf
                0x0000000010004e20       0x18 CMakeFiles/desk-height-automator.dir/Users/timhilt/dev/pico/pico-sdk/src/rp2_common/pico_stdio/stdio.c.obj
                0x0000000010004e20                __wrap_printf
 .text.stdio_init_all
                0x0000000010004e38        0x8 CMakeFiles/desk-height-automator.dir/Users/timhilt/dev/pico/pico-sdk/src/rp2_common/pico_stdio/stdio.c.obj
                0x0000000010004e38                stdio_init_all
 .text.resetd_init
                0x0000000010004e40        0x4 CMakeFiles/desk-height-automator.dir/Users/timhilt/dev/pico/pico-sdk/src/rp2_common/pico_stdio_usb/reset_interface.c.obj
 .text.resetd_reset
                0x0000000010004e44        0xc CMakeFiles/desk-height-automator.dir/Users/timhilt/dev/pico/pico-sdk/src/rp2_common/pico_stdio_usb/reset_interface.c.obj
 .text.resetd_open
                0x0000000010004e50       0x28 CMakeFiles/desk-height-automator.dir/Users/timhilt/dev/pico/pico-sdk/src/rp2_common/pico_stdio_usb/reset_interface.c.obj
 .text.resetd_xfer_cb
                0x0000000010004e78        0x4 CMakeFiles/desk-height-automator.dir/Users/timhilt/dev/pico/pico-sdk/src/rp2_common/pico_stdio_usb/reset_interface.c.obj
 .text.resetd_control_xfer_cb
                0x0000000010004e7c       0x64 CMakeFiles/desk-height-automator.dir/Users/timhilt/dev/pico/pico-sdk/src/rp2_common/pico_stdio_usb/reset_interface.c.obj
 .text.usbd_app_driver_get_cb
                0x0000000010004ee0        0xc CMakeFiles/desk-height-automator.dir/Users/timhilt/dev/pico/pico-sdk/src/rp2_common/pico_stdio_usb/reset_interface.c.obj
                0x0000000010004ee0                usbd_app_driver_get_cb
 .text.tud_cdc_line_coding_cb
                0x0000000010004eec       0x34 CMakeFiles/desk-height-automator.dir/Users/timhilt/dev/pico/pico-sdk/src/rp2_common/pico_stdio_usb/reset_interface.c.obj
                0x0000000010004eec                tud_cdc_line_coding_cb
 .text.stdio_usb_set_chars_available_callback
                0x0000000010004f20       0x14 CMakeFiles/desk-height-automator.dir/Users/timhilt/dev/pico/pico-sdk/src/rp2_common/pico_stdio_usb/stdio_usb.c.obj
                0x0000000010004f20                stdio_usb_set_chars_available_callback
 .text.timer_task
                0x0000000010004f34       0x54 CMakeFiles/desk-height-automator.dir/Users/timhilt/dev/pico/pico-sdk/src/rp2_common/pico_stdio_usb/stdio_usb.c.obj
 .text.usb_irq  0x0000000010004f88       0x10 CMakeFiles/desk-height-automator.dir/Users/timhilt/dev/pico/pico-sdk/src/rp2_common/pico_stdio_usb/stdio_usb.c.obj
 .text.stdio_usb_in_chars
                0x0000000010004f98       0x90 CMakeFiles/desk-height-automator.dir/Users/timhilt/dev/pico/pico-sdk/src/rp2_common/pico_stdio_usb/stdio_usb.c.obj
                0x0000000010004f98                stdio_usb_in_chars
 .text.stdio_usb_out_chars
                0x0000000010005028      0x110 CMakeFiles/desk-height-automator.dir/Users/timhilt/dev/pico/pico-sdk/src/rp2_common/pico_stdio_usb/stdio_usb.c.obj
 .text.low_priority_worker_irq
                0x0000000010005138       0xa8 CMakeFiles/desk-height-automator.dir/Users/timhilt/dev/pico/pico-sdk/src/rp2_common/pico_stdio_usb/stdio_usb.c.obj
 .text.tud_cdc_rx_cb
                0x00000000100051e0       0x20 CMakeFiles/desk-height-automator.dir/Users/timhilt/dev/pico/pico-sdk/src/rp2_common/pico_stdio_usb/stdio_usb.c.obj
                0x00000000100051e0                tud_cdc_rx_cb
 .text.stdio_usb_init
                0x0000000010005200       0xdc CMakeFiles/desk-height-automator.dir/Users/timhilt/dev/pico/pico-sdk/src/rp2_common/pico_stdio_usb/stdio_usb.c.obj
                0x0000000010005200                stdio_usb_init
 .text.tud_descriptor_device_cb
                0x00000000100052dc        0x8 CMakeFiles/desk-height-automator.dir/Users/timhilt/dev/pico/pico-sdk/src/rp2_common/pico_stdio_usb/stdio_usb_descriptors.c.obj
                0x00000000100052dc                tud_descriptor_device_cb
 .text.tud_descriptor_configuration_cb
                0x00000000100052e4        0x8 CMakeFiles/desk-height-automator.dir/Users/timhilt/dev/pico/pico-sdk/src/rp2_common/pico_stdio_usb/stdio_usb_descriptors.c.obj
                0x00000000100052e4                tud_descriptor_configuration_cb
 .text.tud_descriptor_string_cb
                0x00000000100052ec       0x70 CMakeFiles/desk-height-automator.dir/Users/timhilt/dev/pico/pico-sdk/src/rp2_common/pico_stdio_usb/stdio_usb_descriptors.c.obj
                0x00000000100052ec                tud_descriptor_string_cb
 .text.startup._retrieve_unique_id_on_boot
                0x000000001000535c       0x10 CMakeFiles/desk-height-automator.dir/Users/timhilt/dev/pico/pico-sdk/src/rp2_common/pico_unique_id/unique_id.c.obj
 .text.pico_get_unique_board_id_string
                0x000000001000536c      0x1cc CMakeFiles/desk-height-automator.dir/Users/timhilt/dev/pico/pico-sdk/src/rp2_common/pico_unique_id/unique_id.c.obj
                0x000000001000536c                pico_get_unique_board_id_string
 .text.flash_get_unique_id
                0x0000000010005538       0x3c CMakeFiles/desk-height-automator.dir/Users/timhilt/dev/pico/pico-sdk/src/rp2_common/hardware_flash/flash.c.obj
                0x0000000010005538                flash_get_unique_id
 .text.dcd_int_enable
                0x0000000010005574        0xc CMakeFiles/desk-height-automator.dir/Users/timhilt/dev/pico/pico-sdk/lib/tinyusb/src/portable/raspberrypi/rp2040/dcd_rp2040.c.obj
                0x0000000010005574                dcd_int_enable
 .text.dcd_set_address
                0x0000000010005580       0x14 CMakeFiles/desk-height-automator.dir/Users/timhilt/dev/pico/pico-sdk/lib/tinyusb/src/portable/raspberrypi/rp2040/dcd_rp2040.c.obj
                0x0000000010005580                dcd_set_address
 .text.dcd_connect
                0x0000000010005594       0x10 CMakeFiles/desk-height-automator.dir/Users/timhilt/dev/pico/pico-sdk/lib/tinyusb/src/portable/raspberrypi/rp2040/dcd_rp2040.c.obj
                0x0000000010005594                dcd_connect
 .text.dcd_init
                0x00000000100055a4       0x90 CMakeFiles/desk-height-automator.dir/Users/timhilt/dev/pico/pico-sdk/lib/tinyusb/src/portable/raspberrypi/rp2040/dcd_rp2040.c.obj
                0x00000000100055a4                dcd_init
 .text.dcd_edpt0_status_complete
                0x0000000010005634       0x1c CMakeFiles/desk-height-automator.dir/Users/timhilt/dev/pico/pico-sdk/lib/tinyusb/src/portable/raspberrypi/rp2040/dcd_rp2040.c.obj
                0x0000000010005634                dcd_edpt0_status_complete
 .text.dcd_edpt_open
                0x0000000010005650      0x10c CMakeFiles/desk-height-automator.dir/Users/timhilt/dev/pico/pico-sdk/lib/tinyusb/src/portable/raspberrypi/rp2040/dcd_rp2040.c.obj
                0x0000000010005650                dcd_edpt_open
 .text.dcd_edpt_close_all
                0x000000001000575c        0x8 CMakeFiles/desk-height-automator.dir/Users/timhilt/dev/pico/pico-sdk/lib/tinyusb/src/portable/raspberrypi/rp2040/dcd_rp2040.c.obj
                0x000000001000575c                dcd_edpt_close_all
 .text.dcd_edpt_xfer
                0x0000000010005764       0x24 CMakeFiles/desk-height-automator.dir/Users/timhilt/dev/pico/pico-sdk/lib/tinyusb/src/portable/raspberrypi/rp2040/dcd_rp2040.c.obj
                0x0000000010005764                dcd_edpt_xfer
 .text.dcd_edpt_stall
                0x0000000010005788       0x34 CMakeFiles/desk-height-automator.dir/Users/timhilt/dev/pico/pico-sdk/lib/tinyusb/src/portable/raspberrypi/rp2040/dcd_rp2040.c.obj
                0x0000000010005788                dcd_edpt_stall
 .text.dcd_edpt_clear_stall
                0x00000000100057bc       0x2c CMakeFiles/desk-height-automator.dir/Users/timhilt/dev/pico/pico-sdk/lib/tinyusb/src/portable/raspberrypi/rp2040/dcd_rp2040.c.obj
                0x00000000100057bc                dcd_edpt_clear_stall
 .text.rp2040_usb_init
                0x00000000100057e8       0x4c CMakeFiles/desk-height-automator.dir/Users/timhilt/dev/pico/pico-sdk/lib/tinyusb/src/portable/raspberrypi/rp2040/rp2040_usb.c.obj
                0x00000000100057e8                rp2040_usb_init
 .text.hw_endpoint_xfer_start
                0x0000000010005834       0x54 CMakeFiles/desk-height-automator.dir/Users/timhilt/dev/pico/pico-sdk/lib/tinyusb/src/portable/raspberrypi/rp2040/rp2040_usb.c.obj
                0x0000000010005834                hw_endpoint_xfer_start
 .text.tud_mounted
                0x0000000010005888       0x10 CMakeFiles/desk-height-automator.dir/Users/timhilt/dev/pico/pico-sdk/lib/tinyusb/src/device/usbd.c.obj
                0x0000000010005888                tud_mounted
 .text.tud_suspended
                0x0000000010005898       0x10 CMakeFiles/desk-height-automator.dir/Users/timhilt/dev/pico/pico-sdk/lib/tinyusb/src/device/usbd.c.obj
                0x0000000010005898                tud_suspended
 .text.tud_inited
                0x00000000100058a8       0x14 CMakeFiles/desk-height-automator.dir/Users/timhilt/dev/pico/pico-sdk/lib/tinyusb/src/device/usbd.c.obj
                0x00000000100058a8                tud_inited
 .text.tud_init
                0x00000000100058bc       0xe4 CMakeFiles/desk-height-automator.dir/Users/timhilt/dev/pico/pico-sdk/lib/tinyusb/src/device/usbd.c.obj
                0x00000000100058bc                tud_init
 .text.tud_task_ext
                0x00000000100059a0      0x88c CMakeFiles/desk-height-automator.dir/Users/timhilt/dev/pico/pico-sdk/lib/tinyusb/src/device/usbd.c.obj
                0x00000000100059a0                tud_task_ext
 .text.usbd_open_edpt_pair
                0x000000001000622c       0xbc CMakeFiles/desk-height-automator.dir/Users/timhilt/dev/pico/pico-sdk/lib/tinyusb/src/device/usbd.c.obj
                0x000000001000622c                usbd_open_edpt_pair
 .text.usbd_defer_func
                0x00000000100062e8       0x4c CMakeFiles/desk-height-automator.dir/Users/timhilt/dev/pico/pico-sdk/lib/tinyusb/src/device/usbd.c.obj
                0x00000000100062e8                usbd_defer_func
 .text.usbd_edpt_open
                0x0000000010006334       0x34 CMakeFiles/desk-height-automator.dir/Users/timhilt/dev/pico/pico-sdk/lib/tinyusb/src/device/usbd.c.obj
                0x0000000010006334                usbd_edpt_open
 .text.usbd_edpt_claim
                0x0000000010006368       0x28 CMakeFiles/desk-height-automator.dir/Users/timhilt/dev/pico/pico-sdk/lib/tinyusb/src/device/usbd.c.obj
                0x0000000010006368                usbd_edpt_claim
 .text.usbd_edpt_release
                0x0000000010006390       0x28 CMakeFiles/desk-height-automator.dir/Users/timhilt/dev/pico/pico-sdk/lib/tinyusb/src/device/usbd.c.obj
                0x0000000010006390                usbd_edpt_release
 .text.usbd_edpt_xfer
                0x00000000100063b8       0x4c CMakeFiles/desk-height-automator.dir/Users/timhilt/dev/pico/pico-sdk/lib/tinyusb/src/device/usbd.c.obj
                0x00000000100063b8                usbd_edpt_xfer
 .text.tud_control_status
                0x0000000010006404       0x30 CMakeFiles/desk-height-automator.dir/Users/timhilt/dev/pico/pico-sdk/lib/tinyusb/src/device/usbd_control.c.obj
                0x0000000010006404                tud_control_status
 .text.tud_control_xfer
                0x0000000010006434       0xb4 CMakeFiles/desk-height-automator.dir/Users/timhilt/dev/pico/pico-sdk/lib/tinyusb/src/device/usbd_control.c.obj
                0x0000000010006434                tud_control_xfer
 .text.usbd_control_reset
                0x00000000100064e8       0x14 CMakeFiles/desk-height-automator.dir/Users/timhilt/dev/pico/pico-sdk/lib/tinyusb/src/device/usbd_control.c.obj
                0x00000000100064e8                usbd_control_reset
 .text.usbd_control_set_complete_callback
                0x00000000100064fc        0xc CMakeFiles/desk-height-automator.dir/Users/timhilt/dev/pico/pico-sdk/lib/tinyusb/src/device/usbd_control.c.obj
                0x00000000100064fc                usbd_control_set_complete_callback
 .text.usbd_control_set_request
                0x0000000010006508       0x1c CMakeFiles/desk-height-automator.dir/Users/timhilt/dev/pico/pico-sdk/lib/tinyusb/src/device/usbd_control.c.obj
                0x0000000010006508                usbd_control_set_request
 .text.usbd_control_xfer_cb
                0x0000000010006524       0xfc CMakeFiles/desk-height-automator.dir/Users/timhilt/dev/pico/pico-sdk/lib/tinyusb/src/device/usbd_control.c.obj
                0x0000000010006524                usbd_control_xfer_cb
 .text.tud_cdc_n_connected
                0x0000000010006620       0x30 CMakeFiles/desk-height-automator.dir/Users/timhilt/dev/pico/pico-sdk/lib/tinyusb/src/class/cdc/cdc_device.c.obj
                0x0000000010006620                tud_cdc_n_connected
 .text.tud_cdc_n_available
                0x0000000010006650       0x18 CMakeFiles/desk-height-automator.dir/Users/timhilt/dev/pico/pico-sdk/lib/tinyusb/src/class/cdc/cdc_device.c.obj
                0x0000000010006650                tud_cdc_n_available
 .text.tud_cdc_n_read
                0x0000000010006668       0x70 CMakeFiles/desk-height-automator.dir/Users/timhilt/dev/pico/pico-sdk/lib/tinyusb/src/class/cdc/cdc_device.c.obj
                0x0000000010006668                tud_cdc_n_read
 .text.tud_cdc_n_write_flush
                0x00000000100066d8       0x78 CMakeFiles/desk-height-automator.dir/Users/timhilt/dev/pico/pico-sdk/lib/tinyusb/src/class/cdc/cdc_device.c.obj
                0x00000000100066d8                tud_cdc_n_write_flush
 .text.tud_cdc_n_write
                0x0000000010006750       0x34 CMakeFiles/desk-height-automator.dir/Users/timhilt/dev/pico/pico-sdk/lib/tinyusb/src/class/cdc/cdc_device.c.obj
                0x0000000010006750                tud_cdc_n_write
 .text.tud_cdc_n_write_available
                0x0000000010006784       0x18 CMakeFiles/desk-height-automator.dir/Users/timhilt/dev/pico/pico-sdk/lib/tinyusb/src/class/cdc/cdc_device.c.obj
                0x0000000010006784                tud_cdc_n_write_available
 .text.cdcd_init
                0x000000001000679c       0x7c CMakeFiles/desk-height-automator.dir/Users/timhilt/dev/pico/pico-sdk/lib/tinyusb/src/class/cdc/cdc_device.c.obj
                0x000000001000679c                cdcd_init
 .text.cdcd_reset
                0x0000000010006818       0x2c CMakeFiles/desk-height-automator.dir/Users/timhilt/dev/pico/pico-sdk/lib/tinyusb/src/class/cdc/cdc_device.c.obj
                0x0000000010006818                cdcd_reset
 .text.cdcd_open
                0x0000000010006844       0xe8 CMakeFiles/desk-height-automator.dir/Users/timhilt/dev/pico/pico-sdk/lib/tinyusb/src/class/cdc/cdc_device.c.obj
                0x0000000010006844                cdcd_open
 .text.cdcd_control_xfer_cb
                0x000000001000692c       0xdc CMakeFiles/desk-height-automator.dir/Users/timhilt/dev/pico/pico-sdk/lib/tinyusb/src/class/cdc/cdc_device.c.obj
                0x000000001000692c                cdcd_control_xfer_cb
 .text.cdcd_xfer_cb
                0x0000000010006a08      0x19c CMakeFiles/desk-height-automator.dir/Users/timhilt/dev/pico/pico-sdk/lib/tinyusb/src/class/cdc/cdc_device.c.obj
                0x0000000010006a08                cdcd_xfer_cb
 .text.tusb_init
                0x0000000010006ba4        0xc CMakeFiles/desk-height-automator.dir/Users/timhilt/dev/pico/pico-sdk/lib/tinyusb/src/tusb.c.obj
                0x0000000010006ba4                tusb_init
 .text.tusb_inited
                0x0000000010006bb0        0x8 CMakeFiles/desk-height-automator.dir/Users/timhilt/dev/pico/pico-sdk/lib/tinyusb/src/tusb.c.obj
                0x0000000010006bb0                tusb_inited
 .text.tu_edpt_claim
                0x0000000010006bb8       0x4c CMakeFiles/desk-height-automator.dir/Users/timhilt/dev/pico/pico-sdk/lib/tinyusb/src/tusb.c.obj
                0x0000000010006bb8                tu_edpt_claim
 .text.tu_edpt_release
                0x0000000010006c04       0x38 CMakeFiles/desk-height-automator.dir/Users/timhilt/dev/pico/pico-sdk/lib/tinyusb/src/tusb.c.obj
                0x0000000010006c04                tu_edpt_release
 .text.tu_edpt_validate
                0x0000000010006c3c       0x74 CMakeFiles/desk-height-automator.dir/Users/timhilt/dev/pico/pico-sdk/lib/tinyusb/src/tusb.c.obj
                0x0000000010006c3c                tu_edpt_validate
 .text.tu_edpt_bind_driver
                0x0000000010006cb0       0x34 CMakeFiles/desk-height-automator.dir/Users/timhilt/dev/pico/pico-sdk/lib/tinyusb/src/tusb.c.obj
                0x0000000010006cb0                tu_edpt_bind_driver
 .text.tu_fifo_config
                0x0000000010006ce4       0x7c CMakeFiles/desk-height-automator.dir/Users/timhilt/dev/pico/pico-sdk/lib/tinyusb/src/common/tusb_fifo.c.obj
                0x0000000010006ce4                tu_fifo_config
 .text.tu_fifo_count
                0x0000000010006d60       0x28 CMakeFiles/desk-height-automator.dir/Users/timhilt/dev/pico/pico-sdk/lib/tinyusb/src/common/tusb_fifo.c.obj
                0x0000000010006d60                tu_fifo_count
 .text.tu_fifo_empty
                0x0000000010006d88       0x10 CMakeFiles/desk-height-automator.dir/Users/timhilt/dev/pico/pico-sdk/lib/tinyusb/src/common/tusb_fifo.c.obj
                0x0000000010006d88                tu_fifo_empty
 .text.tu_fifo_remaining
                0x0000000010006d98       0x28 CMakeFiles/desk-height-automator.dir/Users/timhilt/dev/pico/pico-sdk/lib/tinyusb/src/common/tusb_fifo.c.obj
                0x0000000010006d98                tu_fifo_remaining
 .text.tu_fifo_read
                0x0000000010006dc0       0xa4 CMakeFiles/desk-height-automator.dir/Users/timhilt/dev/pico/pico-sdk/lib/tinyusb/src/common/tusb_fifo.c.obj
                0x0000000010006dc0                tu_fifo_read
 .text.tu_fifo_read_n
                0x0000000010006e64       0xf0 CMakeFiles/desk-height-automator.dir/Users/timhilt/dev/pico/pico-sdk/lib/tinyusb/src/common/tusb_fifo.c.obj
                0x0000000010006e64                tu_fifo_read_n
 .text.tu_fifo_write
                0x0000000010006f54       0x8c CMakeFiles/desk-height-automator.dir/Users/timhilt/dev/pico/pico-sdk/lib/tinyusb/src/common/tusb_fifo.c.obj
                0x0000000010006f54                tu_fifo_write
 .text.tu_fifo_write_n
                0x0000000010006fe0      0x160 CMakeFiles/desk-height-automator.dir/Users/timhilt/dev/pico/pico-sdk/lib/tinyusb/src/common/tusb_fifo.c.obj
                0x0000000010006fe0                tu_fifo_write_n
 .text.tu_fifo_clear
                0x0000000010007140       0x40 CMakeFiles/desk-height-automator.dir/Users/timhilt/dev/pico/pico-sdk/lib/tinyusb/src/common/tusb_fifo.c.obj
                0x0000000010007140                tu_fifo_clear
 .text.tu_fifo_set_overwritable
                0x0000000010007180       0x48 CMakeFiles/desk-height-automator.dir/Users/timhilt/dev/pico/pico-sdk/lib/tinyusb/src/common/tusb_fifo.c.obj
                0x0000000010007180                tu_fifo_set_overwritable
 .text.spi_init
                0x00000000100071c8      0x130 CMakeFiles/desk-height-automator.dir/Users/timhilt/dev/pico/pico-sdk/src/rp2_common/hardware_spi/spi.c.obj
                0x00000000100071c8                spi_init
 .text.strlen   0x00000000100072f8       0x68 /usr/local/Cellar/arm-gcc-bin@8/8-2019-q3-update_3/bin/../lib/gcc/arm-none-eabi/8.3.1/../../../../arm-none-eabi/lib/thumb/v6-m/nofp/libc.a(lib_a-strlen-stub.o)
                0x00000000100072f8                strlen
 *(.fini)
 .fini          0x0000000010007360        0x4 /usr/local/Cellar/arm-gcc-bin@8/8-2019-q3-update_3/bin/../lib/gcc/arm-none-eabi/8.3.1/thumb/v6-m/nofp/crti.o
                0x0000000010007360                _fini
 *fill*         0x0000000010007364        0x4 
 .fini.__stub   0x0000000010007368       0xe0 linker stubs
 *crtbegin.o(.ctors)
 *crtbegin?.o(.ctors)
 *(EXCLUDE_FILE(*crtend.o *crtend?.o) .ctors)
 *(SORT_BY_NAME(.ctors.*))
 *(.ctors)
 *crtbegin.o(.dtors)
 *crtbegin?.o(.dtors)
 *(EXCLUDE_FILE(*crtend.o *crtend?.o) .dtors)
 *(SORT_BY_NAME(.dtors.*))
 *(.dtors)
 *(.eh_frame*)
 .eh_frame      0x0000000010007448        0x0 /usr/local/Cellar/arm-gcc-bin@8/8-2019-q3-update_3/bin/../lib/gcc/arm-none-eabi/8.3.1/thumb/v6-m/nofp/crtbegin.o
                0x0000000010007448                . = ALIGN (0x4)

.glue_7         0x0000000010007448        0x0
 .glue_7        0x0000000010007448        0x0 linker stubs

.glue_7t        0x0000000010007448        0x0
 .glue_7t       0x0000000010007448        0x0 linker stubs

.vfp11_veneer   0x0000000010007448        0x0
 .vfp11_veneer  0x0000000010007448        0x0 linker stubs

.v4_bx          0x0000000010007448        0x0
 .v4_bx         0x0000000010007448        0x0 linker stubs

.iplt           0x0000000010007448        0x0
 .iplt          0x0000000010007448        0x0 /usr/local/Cellar/arm-gcc-bin@8/8-2019-q3-update_3/bin/../lib/gcc/arm-none-eabi/8.3.1/thumb/v6-m/nofp/crtbegin.o

.rodata         0x0000000010007448      0x5ec
 *(EXCLUDE_FILE(*libm.a: *libc.a:*lib_a-mem*.o *libgcc.a:) .rodata*)
 .rodata.IDLE.6204
                0x0000000010007448        0x4 CMakeFiles/desk-height-automator.dir/main.c.obj
 .rodata.PRESET_1.6205
                0x000000001000744c        0x4 CMakeFiles/desk-height-automator.dir/main.c.obj
 .rodata.PRESET_2.6206
                0x0000000010007450        0x4 CMakeFiles/desk-height-automator.dir/main.c.obj
 .rodata.main.str1.4
                0x0000000010007454       0x9a CMakeFiles/desk-height-automator.dir/main.c.obj
 *fill*         0x00000000100074ee        0x2 
 .rodata.switch_state.str1.4
                0x00000000100074f0       0x19 CMakeFiles/desk-height-automator.dir/main.c.obj
                                         0x1d (size before relaxing)
 *fill*         0x0000000010007509        0x3 
 .rodata.spin_lock_claim_unused.str1.4
                0x000000001000750c       0x1b CMakeFiles/desk-height-automator.dir/Users/timhilt/dev/pico/pico-sdk/src/rp2_common/hardware_sync/sync.c.obj
 *fill*         0x0000000010007527        0x1 
 .rodata.user_irq_claim_unused.str1.4
                0x0000000010007528       0x1b CMakeFiles/desk-height-automator.dir/Users/timhilt/dev/pico/pico-sdk/src/rp2_common/hardware_irq/irq.c.obj
 *fill*         0x0000000010007543        0x1 
 .rodata.hardware_alarm_claim.str1.4
                0x0000000010007544       0x22 CMakeFiles/desk-height-automator.dir/Users/timhilt/dev/pico/pico-sdk/src/rp2_common/hardware_timer/timer.c.obj
 *fill*         0x0000000010007566        0x2 
 .rodata.hard_assertion_failure.str1.4
                0x0000000010007568        0xc CMakeFiles/desk-height-automator.dir/Users/timhilt/dev/pico/pico-sdk/src/rp2_common/pico_runtime/runtime.c.obj
 .rodata.panic.str1.4
                0x0000000010007574       0x12 CMakeFiles/desk-height-automator.dir/Users/timhilt/dev/pico/pico-sdk/src/rp2_common/pico_runtime/runtime.c.obj
 *fill*         0x0000000010007586        0x2 
 .rodata._vsnprintf
                0x0000000010007588      0x1e0 CMakeFiles/desk-height-automator.dir/Users/timhilt/dev/pico/pico-sdk/src/rp2_common/pico_printf/printf.c.obj
 .rodata._ftoa.str1.4
                0x0000000010007768       0x15 CMakeFiles/desk-height-automator.dir/Users/timhilt/dev/pico/pico-sdk/src/rp2_common/pico_printf/printf.c.obj
 *fill*         0x000000001000777d        0x3 
 .rodata.pow10.5504
                0x0000000010007780       0x50 CMakeFiles/desk-height-automator.dir/Users/timhilt/dev/pico/pico-sdk/src/rp2_common/pico_printf/printf.c.obj
 .rodata.__bi_44
                0x00000000100077d0        0xc CMakeFiles/desk-height-automator.dir/Users/timhilt/dev/pico/pico-sdk/src/rp2_common/pico_standard_link/binary_info.c.obj
 .rodata.__bi_75
                0x00000000100077dc        0xc CMakeFiles/desk-height-automator.dir/Users/timhilt/dev/pico/pico-sdk/src/rp2_common/pico_standard_link/binary_info.c.obj
 .rodata.__bi_81
                0x00000000100077e8        0xc CMakeFiles/desk-height-automator.dir/Users/timhilt/dev/pico/pico-sdk/src/rp2_common/pico_standard_link/binary_info.c.obj
 .rodata.str1.4
                0x00000000100077f4       0x4c CMakeFiles/desk-height-automator.dir/Users/timhilt/dev/pico/pico-sdk/src/rp2_common/pico_standard_link/binary_info.c.obj
 .rodata.crlf_str.6150
                0x0000000010007840        0x2 CMakeFiles/desk-height-automator.dir/Users/timhilt/dev/pico/pico-sdk/src/rp2_common/pico_stdio/stdio.c.obj
 *fill*         0x0000000010007842        0x2 
 .rodata._resetd_driver
                0x0000000010007844       0x18 CMakeFiles/desk-height-automator.dir/Users/timhilt/dev/pico/pico-sdk/src/rp2_common/pico_stdio_usb/reset_interface.c.obj
 .rodata.__bi_182.7718
                0x000000001000785c        0xc CMakeFiles/desk-height-automator.dir/Users/timhilt/dev/pico/pico-sdk/src/rp2_common/pico_stdio_usb/stdio_usb.c.obj
 .rodata.str1.4
                0x0000000010007868       0x13 CMakeFiles/desk-height-automator.dir/Users/timhilt/dev/pico/pico-sdk/src/rp2_common/pico_stdio_usb/stdio_usb.c.obj
 *fill*         0x000000001000787b        0x1 
 .rodata.str1.4
                0x000000001000787c       0x2a CMakeFiles/desk-height-automator.dir/Users/timhilt/dev/pico/pico-sdk/src/rp2_common/pico_stdio_usb/stdio_usb_descriptors.c.obj
 *fill*         0x00000000100078a6        0x2 
 .rodata.usbd_desc_cfg
                0x00000000100078a8       0x54 CMakeFiles/desk-height-automator.dir/Users/timhilt/dev/pico/pico-sdk/src/rp2_common/pico_stdio_usb/stdio_usb_descriptors.c.obj
 .rodata.usbd_desc_device
                0x00000000100078fc       0x12 CMakeFiles/desk-height-automator.dir/Users/timhilt/dev/pico/pico-sdk/src/rp2_common/pico_stdio_usb/stdio_usb_descriptors.c.obj
 *fill*         0x000000001000790e        0x2 
 .rodata.usbd_desc_str
                0x0000000010007910       0x18 CMakeFiles/desk-height-automator.dir/Users/timhilt/dev/pico/pico-sdk/src/rp2_common/pico_stdio_usb/stdio_usb_descriptors.c.obj
 .rodata.str1.4
                0x0000000010007928       0x14 CMakeFiles/desk-height-automator.dir/Users/timhilt/dev/pico/pico-sdk/lib/tinyusb/src/portable/raspberrypi/rp2040/dcd_rp2040.c.obj
 .rodata.str1.4
                0x000000001000793c       0x54 CMakeFiles/desk-height-automator.dir/Users/timhilt/dev/pico/pico-sdk/lib/tinyusb/src/portable/raspberrypi/rp2040/rp2040_usb.c.obj
                                         0x53 (size before relaxing)
 .rodata.tud_task_ext
                0x0000000010007990       0x8c CMakeFiles/desk-height-automator.dir/Users/timhilt/dev/pico/pico-sdk/lib/tinyusb/src/device/usbd.c.obj
 .rodata._usbd_driver
                0x0000000010007a1c       0x18 CMakeFiles/desk-height-automator.dir/Users/timhilt/dev/pico/pico-sdk/lib/tinyusb/src/device/usbd.c.obj
                0x0000000010007a34                . = ALIGN (0x4)
 *(SORT_BY_ALIGNMENT(SORT_BY_NAME(.flashdata*)))
                0x0000000010007a34                . = ALIGN (0x4)

.ARM.extab
 *(.ARM.extab* .gnu.linkonce.armextab.*)
                0x0000000010007a34                __exidx_start = .

.ARM.exidx
 *(.ARM.exidx* .gnu.linkonce.armexidx.*)
                0x0000000010007a34                __exidx_end = .
                0x0000000010007a34                . = ALIGN (0x4)
                0x0000000010007a34                __binary_info_start = .

.binary_info    0x0000000010007a34       0x20
 *(.binary_info.keep.*)
 .binary_info.keep.__bi_ptr22
                0x0000000010007a34        0x4 CMakeFiles/desk-height-automator.dir/Users/timhilt/dev/pico/pico-sdk/src/rp2_common/pico_standard_link/binary_info.c.obj
 .binary_info.keep.__bi_ptr30
                0x0000000010007a38        0x4 CMakeFiles/desk-height-automator.dir/Users/timhilt/dev/pico/pico-sdk/src/rp2_common/pico_standard_link/binary_info.c.obj
 .binary_info.keep.__bi_ptr38
                0x0000000010007a3c        0x4 CMakeFiles/desk-height-automator.dir/Users/timhilt/dev/pico/pico-sdk/src/rp2_common/pico_standard_link/binary_info.c.obj
 .binary_info.keep.__bi_ptr44
                0x0000000010007a40        0x4 CMakeFiles/desk-height-automator.dir/Users/timhilt/dev/pico/pico-sdk/src/rp2_common/pico_standard_link/binary_info.c.obj
 .binary_info.keep.__bi_ptr50
                0x0000000010007a44        0x4 CMakeFiles/desk-height-automator.dir/Users/timhilt/dev/pico/pico-sdk/src/rp2_common/pico_standard_link/binary_info.c.obj
 .binary_info.keep.__bi_ptr75
                0x0000000010007a48        0x4 CMakeFiles/desk-height-automator.dir/Users/timhilt/dev/pico/pico-sdk/src/rp2_common/pico_standard_link/binary_info.c.obj
 .binary_info.keep.__bi_ptr81
                0x0000000010007a4c        0x4 CMakeFiles/desk-height-automator.dir/Users/timhilt/dev/pico/pico-sdk/src/rp2_common/pico_standard_link/binary_info.c.obj
 *(.binary_info.*)
 .binary_info.__bi_ptr182
                0x0000000010007a50        0x4 CMakeFiles/desk-height-automator.dir/Users/timhilt/dev/pico/pico-sdk/src/rp2_common/pico_stdio_usb/stdio_usb.c.obj
                0x0000000010007a54                __binary_info_end = .

.rel.dyn        0x0000000010007a54        0x0
 .rel.iplt      0x0000000010007a54        0x0 /usr/local/Cellar/arm-gcc-bin@8/8-2019-q3-update_3/bin/../lib/gcc/arm-none-eabi/8.3.1/thumb/v6-m/nofp/crtbegin.o
                0x0000000010007a54                . = ALIGN (0x4)

.ram_vector_table
                0x0000000020000000       0xc0
 *(.ram_vector_table)
 .ram_vector_table
                0x0000000020000000       0xc0 CMakeFiles/desk-height-automator.dir/Users/timhilt/dev/pico/pico-sdk/src/rp2_common/pico_runtime/runtime.c.obj
                0x0000000020000000                ram_vector_table

.data           0x00000000200000c0      0xee0 load address 0x0000000010007a54
                0x00000000200000c0                __data_start__ = .
 *(vtable)
 *(.time_critical*)
 .time_critical.mutex_try_enter
                0x00000000200000c0       0x48 CMakeFiles/desk-height-automator.dir/Users/timhilt/dev/pico/pico-sdk/src/common/pico_sync/mutex.c.obj
                0x00000000200000c0                mutex_try_enter
 .time_critical.mutex_try_enter_block_until
                0x0000000020000108       0xb0 CMakeFiles/desk-height-automator.dir/Users/timhilt/dev/pico/pico-sdk/src/common/pico_sync/mutex.c.obj
                0x0000000020000108                mutex_try_enter_block_until
 .time_critical.mutex_enter_timeout_ms
                0x00000000200001b8       0x90 CMakeFiles/desk-height-automator.dir/Users/timhilt/dev/pico/pico-sdk/src/common/pico_sync/mutex.c.obj
                0x00000000200001b8                mutex_enter_timeout_ms
 .time_critical.mutex_exit
                0x0000000020000248       0x28 CMakeFiles/desk-height-automator.dir/Users/timhilt/dev/pico/pico-sdk/src/common/pico_sync/mutex.c.obj
                0x0000000020000248                mutex_exit
 .time_critical.flash_init_boot2_copyout
                0x0000000020000270       0x30 CMakeFiles/desk-height-automator.dir/Users/timhilt/dev/pico/pico-sdk/src/rp2_common/hardware_flash/flash.c.obj
 .time_critical.flash_enable_xip_via_boot2
                0x00000000200002a0       0x10 CMakeFiles/desk-height-automator.dir/Users/timhilt/dev/pico/pico-sdk/src/rp2_common/hardware_flash/flash.c.obj
 .time_critical.flash_cs_force
                0x00000000200002b0       0x38 CMakeFiles/desk-height-automator.dir/Users/timhilt/dev/pico/pico-sdk/src/rp2_common/hardware_flash/flash.c.obj
 .time_critical.flash_do_cmd
                0x00000000200002e8       0xb4 CMakeFiles/desk-height-automator.dir/Users/timhilt/dev/pico/pico-sdk/src/rp2_common/hardware_flash/flash.c.obj
                0x00000000200002e8                flash_do_cmd
 .time_critical.reset_non_control_endpoints
                0x000000002000039c       0xbc CMakeFiles/desk-height-automator.dir/Users/timhilt/dev/pico/pico-sdk/lib/tinyusb/src/portable/raspberrypi/rp2040/dcd_rp2040.c.obj
 .time_critical.hw_handle_buff_status
                0x0000000020000458       0xb4 CMakeFiles/desk-height-automator.dir/Users/timhilt/dev/pico/pico-sdk/lib/tinyusb/src/portable/raspberrypi/rp2040/dcd_rp2040.c.obj
 .time_critical.dcd_rp2040_irq
                0x000000002000050c      0x500 CMakeFiles/desk-height-automator.dir/Users/timhilt/dev/pico/pico-sdk/lib/tinyusb/src/portable/raspberrypi/rp2040/dcd_rp2040.c.obj
 .time_critical.prepare_ep_buffer
                0x0000000020000a0c       0x70 CMakeFiles/desk-height-automator.dir/Users/timhilt/dev/pico/pico-sdk/lib/tinyusb/src/portable/raspberrypi/rp2040/rp2040_usb.c.obj
 .time_critical.sync_ep_buffer
                0x0000000020000a7c       0x4c CMakeFiles/desk-height-automator.dir/Users/timhilt/dev/pico/pico-sdk/lib/tinyusb/src/portable/raspberrypi/rp2040/rp2040_usb.c.obj
 .time_critical._hw_endpoint_xfer_sync
                0x0000000020000ac8       0x28 CMakeFiles/desk-height-automator.dir/Users/timhilt/dev/pico/pico-sdk/lib/tinyusb/src/portable/raspberrypi/rp2040/rp2040_usb.c.obj
 .time_critical.e15_is_bulkin_ep
                0x0000000020000af0       0x28 CMakeFiles/desk-height-automator.dir/Users/timhilt/dev/pico/pico-sdk/lib/tinyusb/src/portable/raspberrypi/rp2040/rp2040_usb.c.obj
 .time_critical.e15_is_critical_frame_period
                0x0000000020000b18       0x38 CMakeFiles/desk-height-automator.dir/Users/timhilt/dev/pico/pico-sdk/lib/tinyusb/src/portable/raspberrypi/rp2040/rp2040_usb.c.obj
 .time_critical.hw_endpoint_reset_transfer
                0x0000000020000b50        0xc CMakeFiles/desk-height-automator.dir/Users/timhilt/dev/pico/pico-sdk/lib/tinyusb/src/portable/raspberrypi/rp2040/rp2040_usb.c.obj
                0x0000000020000b50                hw_endpoint_reset_transfer
 .time_critical._hw_endpoint_buffer_control_update32
                0x0000000020000b5c       0x58 CMakeFiles/desk-height-automator.dir/Users/timhilt/dev/pico/pico-sdk/lib/tinyusb/src/portable/raspberrypi/rp2040/rp2040_usb.c.obj
                0x0000000020000b5c                _hw_endpoint_buffer_control_update32
 .time_critical.hw_endpoint_start_next_buffer
                0x0000000020000bb4       0x6c CMakeFiles/desk-height-automator.dir/Users/timhilt/dev/pico/pico-sdk/lib/tinyusb/src/portable/raspberrypi/rp2040/rp2040_usb.c.obj
                0x0000000020000bb4                hw_endpoint_start_next_buffer
 .time_critical.hw_endpoint_xfer_continue
                0x0000000020000c20       0x50 CMakeFiles/desk-height-automator.dir/Users/timhilt/dev/pico/pico-sdk/lib/tinyusb/src/portable/raspberrypi/rp2040/rp2040_usb.c.obj
                0x0000000020000c20                hw_endpoint_xfer_continue
 .time_critical.tinyusb
                0x0000000020000c70      0x16c CMakeFiles/desk-height-automator.dir/Users/timhilt/dev/pico/pico-sdk/lib/tinyusb/src/device/usbd.c.obj
                0x0000000020000c70                dcd_event_handler
 .time_critical.spi_write_blocking
                0x0000000020000ddc       0x4c CMakeFiles/desk-height-automator.dir/Users/timhilt/dev/pico/pico-sdk/src/rp2_common/hardware_spi/spi.c.obj
                0x0000000020000ddc                spi_write_blocking
 *(.text*)
 .text          0x0000000020000e28        0x4 /usr/local/Cellar/arm-gcc-bin@8/8-2019-q3-update_3/bin/../lib/gcc/arm-none-eabi/8.3.1/thumb/v6-m/nofp/libgcc.a(_dvmd_tls.o)
                0x0000000020000e28                __aeabi_ldiv0
                0x0000000020000e28                __aeabi_idiv0
 *fill*         0x0000000020000e2c        0x4 
 .text.__stub   0x0000000020000e30       0x70 linker stubs
                0x0000000020000ea0                . = ALIGN (0x4)
 *(.rodata*)
                0x0000000020000ea0                . = ALIGN (0x4)
 *(.data*)
 .data.striped_spin_lock_num
                0x0000000020000ea0        0x1 CMakeFiles/desk-height-automator.dir/Users/timhilt/dev/pico/pico-sdk/src/rp2_common/hardware_sync/sync.c.obj
 *fill*         0x0000000020000ea1        0x3 
 .data          0x0000000020000ea4       0x48 CMakeFiles/desk-height-automator.dir/Users/timhilt/dev/pico/pico-sdk/src/rp2_common/hardware_irq/irq_handler_chain.S.obj
                0x0000000020000ea4                irq_handler_chain_slots
                0x0000000020000ed4                irq_handler_chain_first_slot
                0x0000000020000ede                irq_handler_chain_remove_tail
 .data.default_alarm_pool
                0x0000000020000eec       0x18 CMakeFiles/desk-height-automator.dir/Users/timhilt/dev/pico/pico-sdk/src/common/pico_time/time.c.obj
 .data.default_alarm_pool_heap
                0x0000000020000f04       0x10 CMakeFiles/desk-height-automator.dir/Users/timhilt/dev/pico/pico-sdk/src/common/pico_time/time.c.obj
 *fill*         0x0000000020000f14        0xc 
 .data.aeabi_bits_funcs
                0x0000000020000f20       0x10 CMakeFiles/desk-height-automator.dir/Users/timhilt/dev/pico/pico-sdk/src/rp2_common/pico_bit_ops/bit_ops_aeabi.S.obj
                0x0000000020000f20                aeabi_bits_funcs
                0x0000000020000f30                aeabi_bits_funcs_end
 .data.aeabi_mem_funcs
                0x0000000020000f30       0x10 CMakeFiles/desk-height-automator.dir/Users/timhilt/dev/pico/pico-sdk/src/rp2_common/pico_mem_ops/mem_ops_aeabi.S.obj
                0x0000000020000f30                aeabi_mem_funcs
                0x0000000020000f40                aeabi_mem_funcs_end
 .data.stdio_usb
                0x0000000020000f40       0x18 CMakeFiles/desk-height-automator.dir/Users/timhilt/dev/pico/pico-sdk/src/rp2_common/pico_stdio_usb/stdio_usb.c.obj
                0x0000000020000f40                stdio_usb
 .data.ep_dir_string
                0x0000000020000f58        0x8 CMakeFiles/desk-height-automator.dir/Users/timhilt/dev/pico/pico-sdk/lib/tinyusb/src/portable/raspberrypi/rp2040/rp2040_usb.c.obj
                0x0000000020000f58                ep_dir_string
 .data._usbd_qdef
                0x0000000020000f60       0x1c CMakeFiles/desk-height-automator.dir/Users/timhilt/dev/pico/pico-sdk/lib/tinyusb/src/device/usbd.c.obj
                0x0000000020000f60                _usbd_qdef
 .data._usbd_rhport
                0x0000000020000f7c        0x1 CMakeFiles/desk-height-automator.dir/Users/timhilt/dev/pico/pico-sdk/lib/tinyusb/src/device/usbd.c.obj
                0x0000000020000f80                . = ALIGN (0x4)
 *fill*         0x0000000020000f7d        0x3 
 *(.after_data.*)
                0x0000000020000f80                . = ALIGN (0x4)
                0x0000000020000f80                PROVIDE (__mutex_array_start = .)
 *(SORT_BY_NAME(.mutex_array.*))
 *(.mutex_array)
 .mutex_array   0x0000000020000f80        0x8 CMakeFiles/desk-height-automator.dir/Users/timhilt/dev/pico/pico-sdk/src/rp2_common/pico_stdio/stdio.c.obj
                0x0000000020000f88                PROVIDE (__mutex_array_end = .)
                0x0000000020000f88                . = ALIGN (0x4)
                0x0000000020000f88                PROVIDE (__preinit_array_start = .)
 *(SORT_BY_NAME(.preinit_array.*))
 .preinit_array.00001
                0x0000000020000f88        0x4 CMakeFiles/desk-height-automator.dir/Users/timhilt/dev/pico/pico-sdk/src/rp2_common/pico_mem_ops/mem_ops_aeabi.S.obj
 .preinit_array.00010
                0x0000000020000f8c        0x4 CMakeFiles/desk-height-automator.dir/Users/timhilt/dev/pico/pico-sdk/src/rp2_common/pico_bit_ops/bit_ops_aeabi.S.obj
 .preinit_array.00020
                0x0000000020000f90        0x4 CMakeFiles/desk-height-automator.dir/Users/timhilt/dev/pico/pico-sdk/src/rp2_common/pico_double/double_aeabi.S.obj
 .preinit_array.00020
                0x0000000020000f94        0x4 CMakeFiles/desk-height-automator.dir/Users/timhilt/dev/pico/pico-sdk/src/rp2_common/pico_float/float_aeabi.S.obj
 *(.preinit_array)
                0x0000000020000f98                PROVIDE (__preinit_array_end = .)
                0x0000000020000f98                . = ALIGN (0x4)
                0x0000000020000f98                PROVIDE (__init_array_start = .)
 *(SORT_BY_NAME(.init_array.*))
 *(.init_array)
 .init_array    0x0000000020000f98        0x4 /usr/local/Cellar/arm-gcc-bin@8/8-2019-q3-update_3/bin/../lib/gcc/arm-none-eabi/8.3.1/thumb/v6-m/nofp/crtbegin.o
 .init_array    0x0000000020000f9c        0x4 CMakeFiles/desk-height-automator.dir/Users/timhilt/dev/pico/pico-sdk/src/rp2_common/pico_unique_id/unique_id.c.obj
                0x0000000020000fa0                PROVIDE (__init_array_end = .)
                0x0000000020000fa0                . = ALIGN (0x4)
                [!provide]                        PROVIDE (__fini_array_start = .)
 *(SORT_BY_NAME(.fini_array.*))
 *(.fini_array)
                [!provide]                        PROVIDE (__fini_array_end = .)
 *(.jcr)
                0x0000000020000fa0                . = ALIGN (0x4)
                0x0000000020000fa0                __data_end__ = .
                0x0000000010007a54                __etext = LOADADDR (.data)

.igot.plt       0x0000000020000fa0        0x0 load address 0x0000000010008934
 .igot.plt      0x0000000020000fa0        0x0 /usr/local/Cellar/arm-gcc-bin@8/8-2019-q3-update_3/bin/../lib/gcc/arm-none-eabi/8.3.1/thumb/v6-m/nofp/crtbegin.o

.uninitialized_data
                0x0000000020000fa0        0x0 load address 0x0000000010008934
                0x0000000020000fa0                . = ALIGN (0x4)
 *(.uninitialized_data*)

.scratch_x      0x0000000020040000        0x0 load address 0x0000000010008934
                0x0000000020040000                __scratch_x_start__ = .
 *(.scratch_x.*)
                0x0000000020040000                . = ALIGN (0x4)
                0x0000000020040000                __scratch_x_end__ = .
                0x0000000010008934                __scratch_x_source__ = LOADADDR (.scratch_x)

.scratch_y      0x0000000020041000        0x0 load address 0x0000000010008934
                0x0000000020041000                __scratch_y_start__ = .
 *(.scratch_y.*)
                0x0000000020041000                . = ALIGN (0x4)
                0x0000000020041000                __scratch_y_end__ = .
                0x0000000010008934                __scratch_y_source__ = LOADADDR (.scratch_y)

.bss            0x0000000020000fa0      0xda0
                0x0000000020000fa0                . = ALIGN (0x4)
                0x0000000020000fa0                __bss_start__ = .
 *(SORT_BY_ALIGNMENT(SORT_BY_NAME(.bss*)))
 .bss.default_alarm_pool_entries
                0x0000000020000fa0      0x100 CMakeFiles/desk-height-automator.dir/Users/timhilt/dev/pico/pico-sdk/src/common/pico_time/time.c.obj
 .bss.last_avail_time.7691
                0x00000000200010a0        0x8 CMakeFiles/desk-height-automator.dir/Users/timhilt/dev/pico/pico-sdk/src/rp2_common/pico_stdio_usb/stdio_usb.c.obj
 .bss           0x00000000200010a8       0x1c /usr/local/Cellar/arm-gcc-bin@8/8-2019-q3-update_3/bin/../lib/gcc/arm-none-eabi/8.3.1/thumb/v6-m/nofp/crtbegin.o
 .bss._app_driver
                0x00000000200010c4        0x4 CMakeFiles/desk-height-automator.dir/Users/timhilt/dev/pico/pico-sdk/lib/tinyusb/src/device/usbd.c.obj
 .bss._cdcd_itf
                0x00000000200010c8      0x2c8 CMakeFiles/desk-height-automator.dir/Users/timhilt/dev/pico/pico-sdk/lib/tinyusb/src/class/cdc/cdc_device.c.obj
 .bss._ctrl_xfer
                0x0000000020001390       0x14 CMakeFiles/desk-height-automator.dir/Users/timhilt/dev/pico/pico-sdk/lib/tinyusb/src/device/usbd_control.c.obj
 .bss._ubsd_mutexdef
                0x00000000200013a4        0x8 CMakeFiles/desk-height-automator.dir/Users/timhilt/dev/pico/pico-sdk/lib/tinyusb/src/device/usbd.c.obj
 .bss._usbd_ctrl_buf
                0x00000000200013ac       0x40 CMakeFiles/desk-height-automator.dir/Users/timhilt/dev/pico/pico-sdk/lib/tinyusb/src/device/usbd_control.c.obj
 .bss._usbd_dev
                0x00000000200013ec       0x53 CMakeFiles/desk-height-automator.dir/Users/timhilt/dev/pico/pico-sdk/lib/tinyusb/src/device/usbd.c.obj
 *fill*         0x000000002000143f        0x1 
 .bss._usbd_mutex
                0x0000000020001440        0x4 CMakeFiles/desk-height-automator.dir/Users/timhilt/dev/pico/pico-sdk/lib/tinyusb/src/device/usbd.c.obj
 .bss._usbd_q   0x0000000020001444        0x4 CMakeFiles/desk-height-automator.dir/Users/timhilt/dev/pico/pico-sdk/lib/tinyusb/src/device/usbd.c.obj
 .bss.alarm_callbacks
                0x0000000020001448       0x10 CMakeFiles/desk-height-automator.dir/Users/timhilt/dev/pico/pico-sdk/src/rp2_common/hardware_timer/timer.c.obj
 .bss.boot2_copyout
                0x0000000020001458      0x100 CMakeFiles/desk-height-automator.dir/Users/timhilt/dev/pico/pico-sdk/src/rp2_common/hardware_flash/flash.c.obj
 .bss.callbacks
                0x0000000020001558        0x8 CMakeFiles/desk-height-automator.dir/Users/timhilt/dev/pico/pico-sdk/src/rp2_common/hardware_gpio/gpio.c.obj
 .bss.chars_available_callback
                0x0000000020001560        0x4 CMakeFiles/desk-height-automator.dir/Users/timhilt/dev/pico/pico-sdk/src/rp2_common/pico_stdio_usb/stdio_usb.c.obj
 .bss.chars_available_param
                0x0000000020001564        0x4 CMakeFiles/desk-height-automator.dir/Users/timhilt/dev/pico/pico-sdk/src/rp2_common/pico_stdio_usb/stdio_usb.c.obj
 .bss.claimed   0x0000000020001568        0x4 CMakeFiles/desk-height-automator.dir/Users/timhilt/dev/pico/pico-sdk/src/rp2_common/hardware_sync/sync.c.obj
 .bss.configured_freq
                0x000000002000156c       0x28 CMakeFiles/desk-height-automator.dir/Users/timhilt/dev/pico/pico-sdk/src/rp2_common/hardware_clocks/clocks.c.obj
 .bss.default_alarm_pool_entry_ids_high
                0x0000000020001594       0x10 CMakeFiles/desk-height-automator.dir/Users/timhilt/dev/pico/pico-sdk/src/common/pico_time/time.c.obj
 .bss.default_alarm_pool_heap_nodes
                0x00000000200015a4       0x30 CMakeFiles/desk-height-automator.dir/Users/timhilt/dev/pico/pico-sdk/src/common/pico_time/time.c.obj
 .bss.desc_str.7483
                0x00000000200015d4       0x28 CMakeFiles/desk-height-automator.dir/Users/timhilt/dev/pico/pico-sdk/src/rp2_common/pico_stdio_usb/stdio_usb_descriptors.c.obj
 .bss.drivers   0x00000000200015fc        0x4 CMakeFiles/desk-height-automator.dir/Users/timhilt/dev/pico/pico-sdk/src/rp2_common/pico_stdio/stdio.c.obj
 .bss.e15_last_sof
                0x0000000020001600        0x4 CMakeFiles/desk-height-automator.dir/Users/timhilt/dev/pico/pico-sdk/lib/tinyusb/src/portable/raspberrypi/rp2040/rp2040_usb.c.obj
                0x0000000020001600                e15_last_sof
 .bss.filter    0x0000000020001604        0x4 CMakeFiles/desk-height-automator.dir/Users/timhilt/dev/pico/pico-sdk/src/rp2_common/pico_stdio/stdio.c.obj
 .bss.hw_endpoints
                0x0000000020001608      0x400 CMakeFiles/desk-height-automator.dir/Users/timhilt/dev/pico/pico-sdk/lib/tinyusb/src/portable/raspberrypi/rp2040/dcd_rp2040.c.obj
 .bss.last_interrupt_time
                0x0000000020001a08        0x4 CMakeFiles/desk-height-automator.dir/main.c.obj
 .bss.lazy_vsnprintf
                0x0000000020001a0c        0x4 CMakeFiles/desk-height-automator.dir/Users/timhilt/dev/pico/pico-sdk/src/rp2_common/pico_printf/printf.c.obj
 .bss.load_value
                0x0000000020001a10        0x4 CMakeFiles/desk-height-automator.dir/Users/timhilt/dev/pico/pico-sdk/src/rp2_common/hardware_watchdog/watchdog.c.obj
 .bss.next_buffer_ptr
                0x0000000020001a14        0x4 CMakeFiles/desk-height-automator.dir/Users/timhilt/dev/pico/pico-sdk/lib/tinyusb/src/portable/raspberrypi/rp2040/dcd_rp2040.c.obj
 .bss.one_shot_timer_crit_sec
                0x0000000020001a18        0x8 CMakeFiles/desk-height-automator.dir/Users/timhilt/dev/pico/pico-sdk/src/rp2_common/pico_stdio_usb/stdio_usb.c.obj
 .bss.pools     0x0000000020001a20       0x10 CMakeFiles/desk-height-automator.dir/Users/timhilt/dev/pico/pico-sdk/src/common/pico_time/time.c.obj
 .bss.raw_irq_mask
                0x0000000020001a30        0x8 CMakeFiles/desk-height-automator.dir/Users/timhilt/dev/pico/pico-sdk/src/rp2_common/hardware_gpio/gpio.c.obj
 .bss.retrieved_id
                0x0000000020001a38        0x8 CMakeFiles/desk-height-automator.dir/Users/timhilt/dev/pico/pico-sdk/src/rp2_common/pico_unique_id/unique_id.c.obj
 .bss.sf_clz_func
                0x0000000020001a40        0x4 CMakeFiles/desk-height-automator.dir/Users/timhilt/dev/pico/pico-sdk/src/rp2_common/pico_double/double_init_rom.c.obj
                0x0000000020001a40                sf_clz_func
 .bss.sleep_notifier
                0x0000000020001a44        0x4 CMakeFiles/desk-height-automator.dir/Users/timhilt/dev/pico/pico-sdk/src/common/pico_time/time.c.obj
 .bss.stdio_usb_mutex
                0x0000000020001a48        0x8 CMakeFiles/desk-height-automator.dir/Users/timhilt/dev/pico/pico-sdk/src/rp2_common/pico_stdio_usb/stdio_usb.c.obj
 .bss.target_hi
                0x0000000020001a50       0x10 CMakeFiles/desk-height-automator.dir/Users/timhilt/dev/pico/pico-sdk/src/rp2_common/hardware_timer/timer.c.obj
 .bss.usbd_serial_str
                0x0000000020001a60       0x11 CMakeFiles/desk-height-automator.dir/Users/timhilt/dev/pico/pico-sdk/src/rp2_common/pico_stdio_usb/stdio_usb_descriptors.c.obj
 .bss._app_driver_count
                0x0000000020001a71        0x1 CMakeFiles/desk-height-automator.dir/Users/timhilt/dev/pico/pico-sdk/lib/tinyusb/src/device/usbd.c.obj
 .bss._sof_enable
                0x0000000020001a72        0x1 CMakeFiles/desk-height-automator.dir/Users/timhilt/dev/pico/pico-sdk/lib/tinyusb/src/portable/raspberrypi/rp2040/dcd_rp2040.c.obj
 .bss.boot2_copyout_valid
                0x0000000020001a73        0x1 CMakeFiles/desk-height-automator.dir/Users/timhilt/dev/pico/pico-sdk/src/rp2_common/hardware_flash/flash.c.obj
 .bss.claimed   0x0000000020001a74        0x1 CMakeFiles/desk-height-automator.dir/Users/timhilt/dev/pico/pico-sdk/src/rp2_common/hardware_timer/timer.c.obj
 .bss.irq_hander_chain_free_slot_head
                0x0000000020001a75        0x1 CMakeFiles/desk-height-automator.dir/Users/timhilt/dev/pico/pico-sdk/src/rp2_common/hardware_irq/irq.c.obj
 .bss.itf_num   0x0000000020001a76        0x1 CMakeFiles/desk-height-automator.dir/Users/timhilt/dev/pico/pico-sdk/src/rp2_common/pico_stdio_usb/reset_interface.c.obj
 .bss.last_state
                0x0000000020001a77        0x1 CMakeFiles/desk-height-automator.dir/main.c.obj
 .bss.low_priority_irq_num
                0x0000000020001a78        0x1 CMakeFiles/desk-height-automator.dir/Users/timhilt/dev/pico/pico-sdk/src/rp2_common/pico_stdio_usb/stdio_usb.c.obj
 .bss.one_shot_timer_pending
                0x0000000020001a79        0x1 CMakeFiles/desk-height-automator.dir/Users/timhilt/dev/pico/pico-sdk/src/rp2_common/pico_stdio_usb/stdio_usb.c.obj
 .bss.state     0x0000000020001a7a        0x1 CMakeFiles/desk-height-automator.dir/main.c.obj
 .bss.timer_callbacks_pending
                0x0000000020001a7b        0x1 CMakeFiles/desk-height-automator.dir/Users/timhilt/dev/pico/pico-sdk/src/rp2_common/hardware_timer/timer.c.obj
 .bss.user_irq_claimed
                0x0000000020001a7c        0x1 CMakeFiles/desk-height-automator.dir/Users/timhilt/dev/pico/pico-sdk/src/rp2_common/hardware_irq/irq.c.obj
 *(COMMON)
 *fill*         0x0000000020001a7d        0x3 
 COMMON         0x0000000020001a80      0x100 CMakeFiles/desk-height-automator.dir/Users/timhilt/dev/pico/pico-sdk/src/rp2_common/pico_double/double_init_rom.c.obj
                0x0000000020001a80                sd_table
 COMMON         0x0000000020001b80      0x100 CMakeFiles/desk-height-automator.dir/Users/timhilt/dev/pico/pico-sdk/src/rp2_common/pico_float/float_init_rom.c.obj
                0x0000000020001b80                sf_table
 COMMON         0x0000000020001c80       0xc0 CMakeFiles/desk-height-automator.dir/Users/timhilt/dev/pico/pico-sdk/lib/tinyusb/src/device/usbd.c.obj
                0x0000000020001c80                _usbd_qdef_buf
                0x0000000020001d40                . = ALIGN (0x4)
                0x0000000020001d40                __bss_end__ = .

.heap           0x0000000020001d40      0x800
                0x0000000020001d40                __end__ = .
                0x0000000020001d40                end = __end__
 *(.heap*)
 .heap          0x0000000020001d40      0x800 CMakeFiles/desk-height-automator.dir/Users/timhilt/dev/pico/pico-sdk/src/rp2_common/pico_standard_link/crt0.S.obj
                0x0000000020002540                __HeapLimit = .

.stack1_dummy   0x0000000020040000        0x0
 *(.stack1*)

.stack_dummy    0x0000000020041000      0x800
 *(.stack*)
 .stack         0x0000000020041000      0x800 CMakeFiles/desk-height-automator.dir/Users/timhilt/dev/pico/pico-sdk/src/rp2_common/pico_standard_link/crt0.S.obj

.flash_end      0x0000000010008934        0x0
                0x0000000010008934                PROVIDE (__flash_binary_end = .)
                0x0000000020040000                __StackLimit = (ORIGIN (RAM) + LENGTH (RAM))
                0x0000000020041000                __StackOneTop = (ORIGIN (SCRATCH_X) + LENGTH (SCRATCH_X))
                0x0000000020042000                __StackTop = (ORIGIN (SCRATCH_Y) + LENGTH (SCRATCH_Y))
                0x0000000020041000                __StackOneBottom = (__StackOneTop - SIZEOF (.stack1_dummy))
                0x0000000020041800                __StackBottom = (__StackTop - SIZEOF (.stack_dummy))
                0x0000000020042000                PROVIDE (__stack = __StackTop)
                0x0000000000000001                ASSERT ((__StackLimit >= __HeapLimit), region RAM overflowed)
                0x0000000000000001                ASSERT (((__binary_info_header_end - __logical_binary_start) <= 0x100), Binary info must be in first 256 bytes of the binary)
LOAD CMakeFiles/desk-height-automator.dir/main.c.obj
LOAD CMakeFiles/desk-height-automator.dir/Users/timhilt/dev/pico/pico-sdk/src/rp2_common/pico_stdlib/stdlib.c.obj
LOAD CMakeFiles/desk-height-automator.dir/Users/timhilt/dev/pico/pico-sdk/src/rp2_common/hardware_gpio/gpio.c.obj
LOAD CMakeFiles/desk-height-automator.dir/Users/timhilt/dev/pico/pico-sdk/src/rp2_common/pico_platform/platform.c.obj
LOAD CMakeFiles/desk-height-automator.dir/Users/timhilt/dev/pico/pico-sdk/src/rp2_common/hardware_claim/claim.c.obj
LOAD CMakeFiles/desk-height-automator.dir/Users/timhilt/dev/pico/pico-sdk/src/rp2_common/hardware_sync/sync.c.obj
LOAD CMakeFiles/desk-height-automator.dir/Users/timhilt/dev/pico/pico-sdk/src/rp2_common/hardware_irq/irq.c.obj
LOAD CMakeFiles/desk-height-automator.dir/Users/timhilt/dev/pico/pico-sdk/src/rp2_common/hardware_irq/irq_handler_chain.S.obj
LOAD CMakeFiles/desk-height-automator.dir/Users/timhilt/dev/pico/pico-sdk/src/common/pico_sync/sem.c.obj
LOAD CMakeFiles/desk-height-automator.dir/Users/timhilt/dev/pico/pico-sdk/src/common/pico_sync/lock_core.c.obj
LOAD CMakeFiles/desk-height-automator.dir/Users/timhilt/dev/pico/pico-sdk/src/common/pico_sync/mutex.c.obj
LOAD CMakeFiles/desk-height-automator.dir/Users/timhilt/dev/pico/pico-sdk/src/common/pico_sync/critical_section.c.obj
LOAD CMakeFiles/desk-height-automator.dir/Users/timhilt/dev/pico/pico-sdk/src/common/pico_time/time.c.obj
LOAD CMakeFiles/desk-height-automator.dir/Users/timhilt/dev/pico/pico-sdk/src/common/pico_time/timeout_helper.c.obj
LOAD CMakeFiles/desk-height-automator.dir/Users/timhilt/dev/pico/pico-sdk/src/rp2_common/hardware_timer/timer.c.obj
LOAD CMakeFiles/desk-height-automator.dir/Users/timhilt/dev/pico/pico-sdk/src/common/pico_util/datetime.c.obj
LOAD CMakeFiles/desk-height-automator.dir/Users/timhilt/dev/pico/pico-sdk/src/common/pico_util/pheap.c.obj
LOAD CMakeFiles/desk-height-automator.dir/Users/timhilt/dev/pico/pico-sdk/src/common/pico_util/queue.c.obj
LOAD CMakeFiles/desk-height-automator.dir/Users/timhilt/dev/pico/pico-sdk/src/rp2_common/hardware_uart/uart.c.obj
LOAD CMakeFiles/desk-height-automator.dir/Users/timhilt/dev/pico/pico-sdk/src/rp2_common/hardware_clocks/clocks.c.obj
LOAD CMakeFiles/desk-height-automator.dir/Users/timhilt/dev/pico/pico-sdk/src/rp2_common/hardware_pll/pll.c.obj
LOAD CMakeFiles/desk-height-automator.dir/Users/timhilt/dev/pico/pico-sdk/src/rp2_common/hardware_vreg/vreg.c.obj
LOAD CMakeFiles/desk-height-automator.dir/Users/timhilt/dev/pico/pico-sdk/src/rp2_common/hardware_watchdog/watchdog.c.obj
LOAD CMakeFiles/desk-height-automator.dir/Users/timhilt/dev/pico/pico-sdk/src/rp2_common/hardware_xosc/xosc.c.obj
LOAD CMakeFiles/desk-height-automator.dir/Users/timhilt/dev/pico/pico-sdk/src/rp2_common/hardware_divider/divider.S.obj
LOAD CMakeFiles/desk-height-automator.dir/Users/timhilt/dev/pico/pico-sdk/src/rp2_common/pico_runtime/runtime.c.obj
LOAD CMakeFiles/desk-height-automator.dir/Users/timhilt/dev/pico/pico-sdk/src/rp2_common/pico_printf/printf.c.obj
LOAD CMakeFiles/desk-height-automator.dir/Users/timhilt/dev/pico/pico-sdk/src/rp2_common/pico_bit_ops/bit_ops_aeabi.S.obj
LOAD CMakeFiles/desk-height-automator.dir/Users/timhilt/dev/pico/pico-sdk/src/rp2_common/pico_bootrom/bootrom.c.obj
LOAD CMakeFiles/desk-height-automator.dir/Users/timhilt/dev/pico/pico-sdk/src/rp2_common/pico_divider/divider.S.obj
LOAD CMakeFiles/desk-height-automator.dir/Users/timhilt/dev/pico/pico-sdk/src/rp2_common/pico_double/double_aeabi.S.obj
LOAD CMakeFiles/desk-height-automator.dir/Users/timhilt/dev/pico/pico-sdk/src/rp2_common/pico_double/double_init_rom.c.obj
LOAD CMakeFiles/desk-height-automator.dir/Users/timhilt/dev/pico/pico-sdk/src/rp2_common/pico_double/double_math.c.obj
LOAD CMakeFiles/desk-height-automator.dir/Users/timhilt/dev/pico/pico-sdk/src/rp2_common/pico_double/double_v1_rom_shim.S.obj
LOAD CMakeFiles/desk-height-automator.dir/Users/timhilt/dev/pico/pico-sdk/src/rp2_common/pico_int64_ops/pico_int64_ops_aeabi.S.obj
LOAD CMakeFiles/desk-height-automator.dir/Users/timhilt/dev/pico/pico-sdk/src/rp2_common/pico_float/float_aeabi.S.obj
LOAD CMakeFiles/desk-height-automator.dir/Users/timhilt/dev/pico/pico-sdk/src/rp2_common/pico_float/float_init_rom.c.obj
LOAD CMakeFiles/desk-height-automator.dir/Users/timhilt/dev/pico/pico-sdk/src/rp2_common/pico_float/float_math.c.obj
LOAD CMakeFiles/desk-height-automator.dir/Users/timhilt/dev/pico/pico-sdk/src/rp2_common/pico_float/float_v1_rom_shim.S.obj
LOAD CMakeFiles/desk-height-automator.dir/Users/timhilt/dev/pico/pico-sdk/src/rp2_common/pico_malloc/pico_malloc.c.obj
LOAD CMakeFiles/desk-height-automator.dir/Users/timhilt/dev/pico/pico-sdk/src/rp2_common/pico_mem_ops/mem_ops_aeabi.S.obj
LOAD CMakeFiles/desk-height-automator.dir/Users/timhilt/dev/pico/pico-sdk/src/rp2_common/pico_standard_link/crt0.S.obj
LOAD CMakeFiles/desk-height-automator.dir/Users/timhilt/dev/pico/pico-sdk/src/rp2_common/pico_standard_link/new_delete.cpp.obj
LOAD CMakeFiles/desk-height-automator.dir/Users/timhilt/dev/pico/pico-sdk/src/rp2_common/pico_standard_link/binary_info.c.obj
LOAD CMakeFiles/desk-height-automator.dir/Users/timhilt/dev/pico/pico-sdk/src/rp2_common/pico_stdio/stdio.c.obj
LOAD CMakeFiles/desk-height-automator.dir/Users/timhilt/dev/pico/pico-sdk/src/rp2_common/pico_stdio_usb/reset_interface.c.obj
LOAD CMakeFiles/desk-height-automator.dir/Users/timhilt/dev/pico/pico-sdk/src/rp2_common/pico_stdio_usb/stdio_usb.c.obj
LOAD CMakeFiles/desk-height-automator.dir/Users/timhilt/dev/pico/pico-sdk/src/rp2_common/pico_stdio_usb/stdio_usb_descriptors.c.obj
LOAD CMakeFiles/desk-height-automator.dir/Users/timhilt/dev/pico/pico-sdk/src/rp2_common/pico_unique_id/unique_id.c.obj
LOAD CMakeFiles/desk-height-automator.dir/Users/timhilt/dev/pico/pico-sdk/src/rp2_common/hardware_flash/flash.c.obj
LOAD CMakeFiles/desk-height-automator.dir/Users/timhilt/dev/pico/pico-sdk/lib/tinyusb/src/portable/raspberrypi/rp2040/dcd_rp2040.c.obj
LOAD CMakeFiles/desk-height-automator.dir/Users/timhilt/dev/pico/pico-sdk/lib/tinyusb/src/portable/raspberrypi/rp2040/rp2040_usb.c.obj
LOAD CMakeFiles/desk-height-automator.dir/Users/timhilt/dev/pico/pico-sdk/lib/tinyusb/src/device/usbd.c.obj
LOAD CMakeFiles/desk-height-automator.dir/Users/timhilt/dev/pico/pico-sdk/lib/tinyusb/src/device/usbd_control.c.obj
LOAD CMakeFiles/desk-height-automator.dir/Users/timhilt/dev/pico/pico-sdk/lib/tinyusb/src/class/audio/audio_device.c.obj
LOAD CMakeFiles/desk-height-automator.dir/Users/timhilt/dev/pico/pico-sdk/lib/tinyusb/src/class/cdc/cdc_device.c.obj
LOAD CMakeFiles/desk-height-automator.dir/Users/timhilt/dev/pico/pico-sdk/lib/tinyusb/src/class/dfu/dfu_device.c.obj
LOAD CMakeFiles/desk-height-automator.dir/Users/timhilt/dev/pico/pico-sdk/lib/tinyusb/src/class/dfu/dfu_rt_device.c.obj